[2026-01-31 12:01:44.239] [6884] [HailoRT] [info] [vdevice.cpp:535] [create] Creating vdevice with params: device_count: 1, scheduling_algorithm: NONE, multi_process_service: false
[2026-01-31 12:01:44.255] [6884] [HailoRT] [info] [device.cpp:51] [Device] OS Version: Linux 6.12.62+rpt-rpi-2712 #1 SMP PREEMPT Debian 1:6.12.62-1+rpt1 (2025-12-18) aarch64
[2026-01-31 12:01:44.256] [6884] [HailoRT] [info] [control.cpp:113] [control__parse_identify_results] firmware_version is: 4.23.0
[2026-01-31 12:01:44.256] [6884] [HailoRT] [info] [vdevice.cpp:682] [create] VDevice Infos: 0001:01:00.0
[2026-02-03 12:51:43.938] [9471] [HailoRT] [info] [device.cpp:51] [Device] OS Version: Linux 6.12.62+rpt-rpi-2712 #1 SMP PREEMPT Debian 1:6.12.62-1+rpt1 (2025-12-18) aarch64
[2026-02-03 12:51:43.939] [9471] [HailoRT] [info] [control.cpp:113] [control__parse_identify_results] firmware_version is: 4.23.0
[2026-02-03 12:51:43.939] [9471] [HailoRT] [info] [control.cpp:113] [control__parse_identify_results] firmware_version is: 4.23.0
[2026-02-03 12:51:44.005] [9477] [HailoRT] [info] [device.cpp:51] [Device] OS Version: Linux 6.12.62+rpt-rpi-2712 #1 SMP PREEMPT Debian 1:6.12.62-1+rpt1 (2025-12-18) aarch64
[2026-02-03 12:51:44.006] [9477] [HailoRT] [info] [control.cpp:113] [control__parse_identify_results] firmware_version is: 4.23.0
[2026-02-03 12:51:44.006] [9477] [HailoRT] [info] [control.cpp:113] [control__parse_identify_results] firmware_version is: 4.23.0
[2026-02-03 12:51:44.049] [9482] [HailoRT] [info] [device.cpp:51] [Device] OS Version: Linux 6.12.62+rpt-rpi-2712 #1 SMP PREEMPT Debian 1:6.12.62-1+rpt1 (2025-12-18) aarch64
[2026-02-03 12:51:44.050] [9482] [HailoRT] [info] [control.cpp:113] [control__parse_identify_results] firmware_version is: 4.23.0
[2026-02-03 12:51:44.050] [9482] [HailoRT] [info] [control.cpp:113] [control__parse_identify_results] firmware_version is: 4.23.0
[2026-02-03 12:51:44.422] [9458] [HailoRT] [info] [vdevice.cpp:535] [create] Creating vdevice with params: device_count: 1, scheduling_algorithm: ROUND_ROBIN, multi_process_service: false
[2026-02-03 12:51:44.433] [9458] [HailoRT] [info] [device.cpp:51] [Device] OS Version: Linux 6.12.62+rpt-rpi-2712 #1 SMP PREEMPT Debian 1:6.12.62-1+rpt1 (2025-12-18) aarch64
[2026-02-03 12:51:44.434] [9458] [HailoRT] [info] [control.cpp:113] [control__parse_identify_results] firmware_version is: 4.23.0
[2026-02-03 12:51:44.435] [9458] [HailoRT] [info] [vdevice.cpp:682] [create] VDevice Infos: 0001:01:00.0
[2026-02-03 12:51:44.509] [9458] [HailoRT] [info] [hef.cpp:1994] [get_network_group_and_network_name] No name was given. Addressing all networks of default network_group: yolov6n
[2026-02-03 12:51:44.509] [9458] [HailoRT] [info] [hef.cpp:1994] [get_network_group_and_network_name] No name was given. Addressing all networks of default network_group: yolov6n
[2026-02-03 12:51:44.583] [9458] [HailoRT] [info] [internal_buffer_manager.cpp:75] [print_execution_results] Default Internal buffer planner failed to meet requirements
[2026-02-03 12:51:44.583] [9458] [HailoRT] [info] [internal_buffer_manager.cpp:86] [print_execution_results] Default Internal buffer planner executed successfully
[2026-02-03 12:51:44.605] [9458] [HailoRT] [info] [device_internal.cpp:57] [configure] Configuring HEF took 37.51519 milliseconds
[2026-02-03 12:51:44.605] [9458] [HailoRT] [info] [vdevice.cpp:780] [configure] Configuring HEF on VDevice took 39.013928 milliseconds
[2026-02-03 12:51:44.605] [9458] [HailoRT] [info] [infer_model.cpp:417] [configure] Configuring network group 'yolov6n' with params: batch size: 2, power mode: PERFORMANCE, latency: NONE
[2026-02-03 12:51:44.607] [9458] [HailoRT] [info] [multi_io_elements.cpp:754] [create] Created (AsyncHwEl)
[2026-02-03 12:51:44.609] [9458] [HailoRT] [info] [queue_elements.cpp:450] [create] Created (EntryPushQEl0yolov6n/input_layer1 | timeout: 10s)
[2026-02-03 12:51:44.609] [9458] [HailoRT] [info] [filter_elements.cpp:101] [create] Created (PreInferEl3yolov6n/input_layer1 | Reorder - src_order: RGB4, src_shape: (640, 640, 3), dst_order: NHCW, dst_shape: (640, 640, 3))
[2026-02-03 12:51:44.612] [9458] [HailoRT] [info] [queue_elements.cpp:450] [create] Created (PushQEl3yolov6n/input_layer1 | timeout: 10s)
[2026-02-03 12:51:44.613] [9458] [HailoRT] [info] [multi_io_elements.cpp:135] [create] Created (NmsPPMuxEl0YOLOX-Post-Process | Op YOLOX, Name: YOLOX-Post-Process, Score threshold: 0.300, IoU threshold: 0.45, Classes: 80, Max bboxes per class: 100, Image height: 640, Image width: 640)
[2026-02-03 12:51:44.642] [9458] [HailoRT] [info] [queue_elements.cpp:942] [create] Created (MultiPushQEl0YOLOX-Post-Process | timeout: 10s)
[2026-02-03 12:51:44.642] [9458] [HailoRT] [info] [edge_elements.cpp:187] [create] Created (LastAsyncEl0NmsPPMuxEl0YOLOX-Post-Process)
[2026-02-03 12:51:44.642] [9458] [HailoRT] [info] [pipeline.cpp:891] [print_deep_description] EntryPushQEl0yolov6n/input_layer1 | inputs: user | outputs: PreInferEl3yolov6n/input_layer1(running in thread_id: 9535)
[2026-02-03 12:51:44.643] [9458] [HailoRT] [info] [pipeline.cpp:891] [print_deep_description] PreInferEl3yolov6n/input_layer1 | inputs: EntryPushQEl0yolov6n/input_layer1[0] | outputs: PushQEl3yolov6n/input_layer1
[2026-02-03 12:51:44.643] [9458] [HailoRT] [info] [pipeline.cpp:891] [print_deep_description] PushQEl3yolov6n/input_layer1 | inputs: PreInferEl3yolov6n/input_layer1[0] | outputs: AsyncHwEl(running in thread_id: 9536)
[2026-02-03 12:51:44.643] [9458] [HailoRT] [info] [pipeline.cpp:891] [print_deep_description] AsyncHwEl | inputs: PushQEl3yolov6n/input_layer1[0] | outputs: MultiPushQEl0YOLOX-Post-Process MultiPushQEl0YOLOX-Post-Process MultiPushQEl0YOLOX-Post-Process MultiPushQEl0YOLOX-Post-Process MultiPushQEl0YOLOX-Post-Process MultiPushQEl0YOLOX-Post-Process MultiPushQEl0YOLOX-Post-Process MultiPushQEl0YOLOX-Post-Process MultiPushQEl0YOLOX-Post-Process
[2026-02-03 12:51:44.644] [9458] [HailoRT] [info] [pipeline.cpp:891] [print_deep_description] MultiPushQEl0YOLOX-Post-Process | inputs: AsyncHwEl[0] AsyncHwEl[1] AsyncHwEl[2] AsyncHwEl[3] AsyncHwEl[4] AsyncHwEl[5] AsyncHwEl[6] AsyncHwEl[7] AsyncHwEl[8] | outputs: NmsPPMuxEl0YOLOX-Post-Process(running in thread_id: 9537)
[2026-02-03 12:51:44.644] [9458] [HailoRT] [info] [pipeline.cpp:891] [print_deep_description] NmsPPMuxEl0YOLOX-Post-Process | inputs: MultiPushQEl0YOLOX-Post-Process[0] | outputs: LastAsyncEl0NmsPPMuxEl0YOLOX-Post-Process
[2026-02-03 12:51:44.644] [9458] [HailoRT] [info] [pipeline.cpp:891] [print_deep_description] LastAsyncEl0NmsPPMuxEl0YOLOX-Post-Process | inputs: NmsPPMuxEl0YOLOX-Post-Process[0] | outputs: user
[2026-02-03 12:51:45.051] [9520] [HailoRT] [info] [hef.cpp:1994] [get_network_group_and_network_name] No name was given. Addressing all networks of default network_group: yolov6n
[2026-02-03 12:51:59.891] [9458] [HailoRT] [info] [async_infer_runner.cpp:86] [shutdown] Pipeline was aborted. Shutting it down
[2026-02-03 12:51:59.892] [9458] [HailoRT] [info] [queue_elements.cpp:1131] [execute_deactivate] enqueue() in element MultiPushQEl0YOLOX-Post-Process was aborted, got status = HAILO_SHUTDOWN_EVENT_SIGNALED(57)
[2026-02-03 12:51:59.892] [9458] [HailoRT] [info] [queue_elements.cpp:1131] [execute_deactivate] enqueue() in element MultiPushQEl0YOLOX-Post-Process was aborted, got status = HAILO_SHUTDOWN_EVENT_SIGNALED(57)
[2026-02-03 12:51:59.892] [9458] [HailoRT] [info] [queue_elements.cpp:1131] [execute_deactivate] enqueue() in element MultiPushQEl0YOLOX-Post-Process was aborted, got status = HAILO_SHUTDOWN_EVENT_SIGNALED(57)
[2026-02-03 12:51:59.892] [9458] [HailoRT] [info] [queue_elements.cpp:1131] [execute_deactivate] enqueue() in element MultiPushQEl0YOLOX-Post-Process was aborted, got status = HAILO_SHUTDOWN_EVENT_SIGNALED(57)
[2026-02-03 12:51:59.892] [9458] [HailoRT] [info] [queue_elements.cpp:1131] [execute_deactivate] enqueue() in element MultiPushQEl0YOLOX-Post-Process was aborted, got status = HAILO_SHUTDOWN_EVENT_SIGNALED(57)
[2026-02-03 12:51:59.892] [9458] [HailoRT] [info] [queue_elements.cpp:1131] [execute_deactivate] enqueue() in element MultiPushQEl0YOLOX-Post-Process was aborted, got status = HAILO_SHUTDOWN_EVENT_SIGNALED(57)
[2026-02-03 12:51:59.892] [9458] [HailoRT] [info] [queue_elements.cpp:1131] [execute_deactivate] enqueue() in element MultiPushQEl0YOLOX-Post-Process was aborted, got status = HAILO_SHUTDOWN_EVENT_SIGNALED(57)
[2026-02-03 12:51:59.892] [9458] [HailoRT] [info] [queue_elements.cpp:1131] [execute_deactivate] enqueue() in element MultiPushQEl0YOLOX-Post-Process was aborted, got status = HAILO_SHUTDOWN_EVENT_SIGNALED(57)
[2026-02-03 12:51:59.892] [9458] [HailoRT] [info] [queue_elements.cpp:1131] [execute_deactivate] enqueue() in element MultiPushQEl0YOLOX-Post-Process was aborted, got status = HAILO_SHUTDOWN_EVENT_SIGNALED(57)
[2026-02-03 12:51:59.892] [9458] [HailoRT] [info] [queue_elements.cpp:570] [execute_deactivate] enqueue() in element PushQEl3yolov6n/input_layer1 was aborted, got status = HAILO_SHUTDOWN_EVENT_SIGNALED(57)
[2026-02-03 12:51:59.892] [9458] [HailoRT] [info] [queue_elements.cpp:570] [execute_deactivate] enqueue() in element EntryPushQEl0yolov6n/input_layer1 was aborted, got status = HAILO_SHUTDOWN_EVENT_SIGNALED(57)
[2026-02-03 12:51:59.892] [9458] [HailoRT] [info] [queue_elements.cpp:46] [~BaseQueueElement] Queue element EntryPushQEl0yolov6n/input_layer1 has 0 frames in his Queue on destruction
[2026-02-03 12:51:59.892] [9458] [HailoRT] [info] [queue_elements.cpp:46] [~BaseQueueElement] Queue element PushQEl3yolov6n/input_layer1 has 0 frames in his Queue on destruction
[2026-02-03 13:02:06.017] [10821] [HailoRT] [info] [device.cpp:51] [Device] OS Version: Linux 6.12.62+rpt-rpi-2712 #1 SMP PREEMPT Debian 1:6.12.62-1+rpt1 (2025-12-18) aarch64
[2026-02-03 13:02:06.019] [10821] [HailoRT] [info] [control.cpp:113] [control__parse_identify_results] firmware_version is: 4.23.0
[2026-02-03 13:02:06.019] [10821] [HailoRT] [info] [control.cpp:113] [control__parse_identify_results] firmware_version is: 4.23.0
[2026-02-03 13:02:06.080] [10829] [HailoRT] [info] [device.cpp:51] [Device] OS Version: Linux 6.12.62+rpt-rpi-2712 #1 SMP PREEMPT Debian 1:6.12.62-1+rpt1 (2025-12-18) aarch64
[2026-02-03 13:02:06.081] [10829] [HailoRT] [info] [control.cpp:113] [control__parse_identify_results] firmware_version is: 4.23.0
[2026-02-03 13:02:06.082] [10829] [HailoRT] [info] [control.cpp:113] [control__parse_identify_results] firmware_version is: 4.23.0
[2026-02-03 13:02:06.177] [10812] [HailoRT] [info] [vdevice.cpp:535] [create] Creating vdevice with params: device_count: 1, scheduling_algorithm: ROUND_ROBIN, multi_process_service: false
[2026-02-03 13:02:06.190] [10812] [HailoRT] [info] [device.cpp:51] [Device] OS Version: Linux 6.12.62+rpt-rpi-2712 #1 SMP PREEMPT Debian 1:6.12.62-1+rpt1 (2025-12-18) aarch64
[2026-02-03 13:02:06.190] [10812] [HailoRT] [info] [control.cpp:113] [control__parse_identify_results] firmware_version is: 4.23.0
[2026-02-03 13:02:06.190] [10812] [HailoRT] [info] [vdevice.cpp:682] [create] VDevice Infos: 0001:01:00.0
[2026-02-03 13:02:06.246] [10812] [HailoRT] [info] [hef.cpp:1994] [get_network_group_and_network_name] No name was given. Addressing all networks of default network_group: yolov11n
[2026-02-03 13:02:06.246] [10812] [HailoRT] [info] [hef.cpp:1994] [get_network_group_and_network_name] No name was given. Addressing all networks of default network_group: yolov11n
[2026-02-03 13:02:06.284] [10812] [HailoRT] [info] [internal_buffer_manager.cpp:77] [print_execution_results] Planned internal buffer memory: CMA=0 CMA-Desc=327680 Pinned=2357760. memory to edge layer usage factor is 1
[2026-02-03 13:02:06.284] [10812] [HailoRT] [info] [internal_buffer_manager.cpp:86] [print_execution_results] Default Internal buffer planner executed successfully
[2026-02-03 13:02:06.317] [10812] [HailoRT] [info] [device_internal.cpp:57] [configure] Configuring HEF took 39.335587 milliseconds
[2026-02-03 13:02:06.317] [10812] [HailoRT] [info] [vdevice.cpp:780] [configure] Configuring HEF on VDevice took 40.027341 milliseconds
[2026-02-03 13:02:06.317] [10812] [HailoRT] [info] [infer_model.cpp:417] [configure] Configuring network group 'yolov11n' with params: batch size: 2, power mode: PERFORMANCE, latency: NONE
[2026-02-03 13:02:06.317] [10812] [HailoRT] [info] [multi_io_elements.cpp:754] [create] Created (AsyncHwEl)
[2026-02-03 13:02:06.317] [10812] [HailoRT] [info] [queue_elements.cpp:450] [create] Created (EntryPushQEl0yolov11n/input_layer1 | timeout: 10s)
[2026-02-03 13:02:06.317] [10812] [HailoRT] [info] [filter_elements.cpp:101] [create] Created (PreInferEl8yolov11n/input_layer1 | Reorder - src_order: RGB4, src_shape: (640, 640, 3), dst_order: NHCW, dst_shape: (640, 640, 3))
[2026-02-03 13:02:06.317] [10812] [HailoRT] [info] [queue_elements.cpp:450] [create] Created (PushQEl8yolov11n/input_layer1 | timeout: 10s)
[2026-02-03 13:02:06.317] [10812] [HailoRT] [info] [multi_io_elements.cpp:135] [create] Created (NmsPPMuxEl0YOLOV8-Post-Process | Op YOLOV8, Name: YOLOV8-Post-Process, Score threshold: 0.300, IoU threshold: 0.45, Classes: 80, Max bboxes per class: 100, Image height: 640, Image width: 640)
[2026-02-03 13:02:06.342] [10812] [HailoRT] [info] [queue_elements.cpp:942] [create] Created (MultiPushQEl0YOLOV8-Post-Process | timeout: 10s)
[2026-02-03 13:02:06.342] [10812] [HailoRT] [info] [edge_elements.cpp:187] [create] Created (LastAsyncEl0NmsPPMuxEl0YOLOV8-Post-Process)
[2026-02-03 13:02:06.342] [10812] [HailoRT] [info] [pipeline.cpp:891] [print_deep_description] EntryPushQEl0yolov11n/input_layer1 | inputs: user | outputs: PreInferEl8yolov11n/input_layer1(running in thread_id: 10862)
[2026-02-03 13:02:06.342] [10812] [HailoRT] [info] [pipeline.cpp:891] [print_deep_description] PreInferEl8yolov11n/input_layer1 | inputs: EntryPushQEl0yolov11n/input_layer1[0] | outputs: PushQEl8yolov11n/input_layer1
[2026-02-03 13:02:06.342] [10812] [HailoRT] [info] [pipeline.cpp:891] [print_deep_description] PushQEl8yolov11n/input_layer1 | inputs: PreInferEl8yolov11n/input_layer1[0] | outputs: AsyncHwEl(running in thread_id: 10863)
[2026-02-03 13:02:06.342] [10812] [HailoRT] [info] [pipeline.cpp:891] [print_deep_description] AsyncHwEl | inputs: PushQEl8yolov11n/input_layer1[0] | outputs: MultiPushQEl0YOLOV8-Post-Process MultiPushQEl0YOLOV8-Post-Process MultiPushQEl0YOLOV8-Post-Process MultiPushQEl0YOLOV8-Post-Process MultiPushQEl0YOLOV8-Post-Process MultiPushQEl0YOLOV8-Post-Process
[2026-02-03 13:02:06.342] [10812] [HailoRT] [info] [pipeline.cpp:891] [print_deep_description] MultiPushQEl0YOLOV8-Post-Process | inputs: AsyncHwEl[0] AsyncHwEl[1] AsyncHwEl[2] AsyncHwEl[3] AsyncHwEl[4] AsyncHwEl[5] | outputs: NmsPPMuxEl0YOLOV8-Post-Process(running in thread_id: 10864)
[2026-02-03 13:02:06.342] [10812] [HailoRT] [info] [pipeline.cpp:891] [print_deep_description] NmsPPMuxEl0YOLOV8-Post-Process | inputs: MultiPushQEl0YOLOV8-Post-Process[0] | outputs: LastAsyncEl0NmsPPMuxEl0YOLOV8-Post-Process
[2026-02-03 13:02:06.342] [10812] [HailoRT] [info] [pipeline.cpp:891] [print_deep_description] LastAsyncEl0NmsPPMuxEl0YOLOV8-Post-Process | inputs: NmsPPMuxEl0YOLOV8-Post-Process[0] | outputs: user
[2026-02-03 13:02:06.815] [10850] [HailoRT] [info] [hef.cpp:1994] [get_network_group_and_network_name] No name was given. Addressing all networks of default network_group: yolov11n
[2026-02-03 13:02:12.694] [10812] [HailoRT] [info] [async_infer_runner.cpp:86] [shutdown] Pipeline was aborted. Shutting it down
[2026-02-03 13:02:12.695] [10812] [HailoRT] [info] [queue_elements.cpp:1131] [execute_deactivate] enqueue() in element MultiPushQEl0YOLOV8-Post-Process was aborted, got status = HAILO_SHUTDOWN_EVENT_SIGNALED(57)
[2026-02-03 13:02:12.695] [10812] [HailoRT] [info] [queue_elements.cpp:1131] [execute_deactivate] enqueue() in element MultiPushQEl0YOLOV8-Post-Process was aborted, got status = HAILO_SHUTDOWN_EVENT_SIGNALED(57)
[2026-02-03 13:02:12.695] [10812] [HailoRT] [info] [queue_elements.cpp:1131] [execute_deactivate] enqueue() in element MultiPushQEl0YOLOV8-Post-Process was aborted, got status = HAILO_SHUTDOWN_EVENT_SIGNALED(57)
[2026-02-03 13:02:12.695] [10812] [HailoRT] [info] [queue_elements.cpp:1131] [execute_deactivate] enqueue() in element MultiPushQEl0YOLOV8-Post-Process was aborted, got status = HAILO_SHUTDOWN_EVENT_SIGNALED(57)
[2026-02-03 13:02:12.695] [10812] [HailoRT] [info] [queue_elements.cpp:1131] [execute_deactivate] enqueue() in element MultiPushQEl0YOLOV8-Post-Process was aborted, got status = HAILO_SHUTDOWN_EVENT_SIGNALED(57)
[2026-02-03 13:02:12.695] [10812] [HailoRT] [info] [queue_elements.cpp:1131] [execute_deactivate] enqueue() in element MultiPushQEl0YOLOV8-Post-Process was aborted, got status = HAILO_SHUTDOWN_EVENT_SIGNALED(57)
[2026-02-03 13:02:12.695] [10812] [HailoRT] [info] [queue_elements.cpp:570] [execute_deactivate] enqueue() in element PushQEl8yolov11n/input_layer1 was aborted, got status = HAILO_SHUTDOWN_EVENT_SIGNALED(57)
[2026-02-03 13:02:12.695] [10812] [HailoRT] [info] [queue_elements.cpp:570] [execute_deactivate] enqueue() in element EntryPushQEl0yolov11n/input_layer1 was aborted, got status = HAILO_SHUTDOWN_EVENT_SIGNALED(57)
[2026-02-03 13:02:12.695] [10812] [HailoRT] [info] [queue_elements.cpp:46] [~BaseQueueElement] Queue element EntryPushQEl0yolov11n/input_layer1 has 0 frames in his Queue on destruction
[2026-02-03 13:02:12.695] [10812] [HailoRT] [info] [queue_elements.cpp:46] [~BaseQueueElement] Queue element PushQEl8yolov11n/input_layer1 has 0 frames in his Queue on destruction
[2026-02-03 13:20:47.239] [12171] [HailoRT] [info] [device.cpp:51] [Device] OS Version: Linux 6.12.62+rpt-rpi-2712 #1 SMP PREEMPT Debian 1:6.12.62-1+rpt1 (2025-12-18) aarch64
[2026-02-03 13:20:47.239] [12171] [HailoRT] [info] [control.cpp:113] [control__parse_identify_results] firmware_version is: 4.23.0
[2026-02-03 13:20:47.239] [12171] [HailoRT] [info] [control.cpp:113] [control__parse_identify_results] firmware_version is: 4.23.0
[2026-02-03 13:20:47.293] [12175] [HailoRT] [info] [device.cpp:51] [Device] OS Version: Linux 6.12.62+rpt-rpi-2712 #1 SMP PREEMPT Debian 1:6.12.62-1+rpt1 (2025-12-18) aarch64
[2026-02-03 13:20:47.294] [12175] [HailoRT] [info] [control.cpp:113] [control__parse_identify_results] firmware_version is: 4.23.0
[2026-02-03 13:20:47.294] [12175] [HailoRT] [info] [control.cpp:113] [control__parse_identify_results] firmware_version is: 4.23.0
[2026-02-03 13:20:47.393] [12162] [HailoRT] [info] [vdevice.cpp:535] [create] Creating vdevice with params: device_count: 1, scheduling_algorithm: ROUND_ROBIN, multi_process_service: false
[2026-02-03 13:20:47.405] [12162] [HailoRT] [info] [device.cpp:51] [Device] OS Version: Linux 6.12.62+rpt-rpi-2712 #1 SMP PREEMPT Debian 1:6.12.62-1+rpt1 (2025-12-18) aarch64
[2026-02-03 13:20:47.406] [12162] [HailoRT] [info] [control.cpp:113] [control__parse_identify_results] firmware_version is: 4.23.0
[2026-02-03 13:20:47.406] [12162] [HailoRT] [info] [vdevice.cpp:682] [create] VDevice Infos: 0001:01:00.0
[2026-02-03 13:20:47.410] [12162] [HailoRT] [info] [hef.cpp:1994] [get_network_group_and_network_name] No name was given. Addressing all networks of default network_group: yolov11n
[2026-02-03 13:20:47.410] [12162] [HailoRT] [info] [hef.cpp:1994] [get_network_group_and_network_name] No name was given. Addressing all networks of default network_group: yolov11n
[2026-02-03 13:20:47.455] [12162] [HailoRT] [info] [internal_buffer_manager.cpp:77] [print_execution_results] Planned internal buffer memory: CMA=0 CMA-Desc=327680 Pinned=2357760. memory to edge layer usage factor is 1
[2026-02-03 13:20:47.455] [12162] [HailoRT] [info] [internal_buffer_manager.cpp:86] [print_execution_results] Default Internal buffer planner executed successfully
[2026-02-03 13:20:47.494] [12162] [HailoRT] [info] [device_internal.cpp:57] [configure] Configuring HEF took 47.001306 milliseconds
[2026-02-03 13:20:47.494] [12162] [HailoRT] [info] [vdevice.cpp:780] [configure] Configuring HEF on VDevice took 47.362232 milliseconds
[2026-02-03 13:20:47.494] [12162] [HailoRT] [info] [infer_model.cpp:417] [configure] Configuring network group 'yolov11n' with params: batch size: 2, power mode: PERFORMANCE, latency: NONE
[2026-02-03 13:20:47.494] [12162] [HailoRT] [info] [multi_io_elements.cpp:754] [create] Created (AsyncHwEl)
[2026-02-03 13:20:47.494] [12162] [HailoRT] [info] [queue_elements.cpp:450] [create] Created (EntryPushQEl0yolov11n/input_layer1 | timeout: 10s)
[2026-02-03 13:20:47.494] [12162] [HailoRT] [info] [filter_elements.cpp:101] [create] Created (PreInferEl8yolov11n/input_layer1 | Reorder - src_order: RGB4, src_shape: (640, 640, 3), dst_order: NHCW, dst_shape: (640, 640, 3))
[2026-02-03 13:20:47.494] [12162] [HailoRT] [info] [queue_elements.cpp:450] [create] Created (PushQEl8yolov11n/input_layer1 | timeout: 10s)
[2026-02-03 13:20:47.494] [12162] [HailoRT] [info] [multi_io_elements.cpp:135] [create] Created (NmsPPMuxEl0YOLOV8-Post-Process | Op YOLOV8, Name: YOLOV8-Post-Process, Score threshold: 0.300, IoU threshold: 0.45, Classes: 80, Max bboxes per class: 100, Image height: 640, Image width: 640)
[2026-02-03 13:20:47.526] [12162] [HailoRT] [info] [queue_elements.cpp:942] [create] Created (MultiPushQEl0YOLOV8-Post-Process | timeout: 10s)
[2026-02-03 13:20:47.526] [12162] [HailoRT] [info] [edge_elements.cpp:187] [create] Created (LastAsyncEl0NmsPPMuxEl0YOLOV8-Post-Process)
[2026-02-03 13:20:47.526] [12162] [HailoRT] [info] [pipeline.cpp:891] [print_deep_description] EntryPushQEl0yolov11n/input_layer1 | inputs: user | outputs: PreInferEl8yolov11n/input_layer1(running in thread_id: 12208)
[2026-02-03 13:20:47.526] [12162] [HailoRT] [info] [pipeline.cpp:891] [print_deep_description] PreInferEl8yolov11n/input_layer1 | inputs: EntryPushQEl0yolov11n/input_layer1[0] | outputs: PushQEl8yolov11n/input_layer1
[2026-02-03 13:20:47.526] [12162] [HailoRT] [info] [pipeline.cpp:891] [print_deep_description] PushQEl8yolov11n/input_layer1 | inputs: PreInferEl8yolov11n/input_layer1[0] | outputs: AsyncHwEl(running in thread_id: 12209)
[2026-02-03 13:20:47.526] [12162] [HailoRT] [info] [pipeline.cpp:891] [print_deep_description] AsyncHwEl | inputs: PushQEl8yolov11n/input_layer1[0] | outputs: MultiPushQEl0YOLOV8-Post-Process MultiPushQEl0YOLOV8-Post-Process MultiPushQEl0YOLOV8-Post-Process MultiPushQEl0YOLOV8-Post-Process MultiPushQEl0YOLOV8-Post-Process MultiPushQEl0YOLOV8-Post-Process
[2026-02-03 13:20:47.526] [12162] [HailoRT] [info] [pipeline.cpp:891] [print_deep_description] MultiPushQEl0YOLOV8-Post-Process | inputs: AsyncHwEl[0] AsyncHwEl[1] AsyncHwEl[2] AsyncHwEl[3] AsyncHwEl[4] AsyncHwEl[5] | outputs: NmsPPMuxEl0YOLOV8-Post-Process(running in thread_id: 12210)
[2026-02-03 13:20:47.526] [12162] [HailoRT] [info] [pipeline.cpp:891] [print_deep_description] NmsPPMuxEl0YOLOV8-Post-Process | inputs: MultiPushQEl0YOLOV8-Post-Process[0] | outputs: LastAsyncEl0NmsPPMuxEl0YOLOV8-Post-Process
[2026-02-03 13:20:47.526] [12162] [HailoRT] [info] [pipeline.cpp:891] [print_deep_description] LastAsyncEl0NmsPPMuxEl0YOLOV8-Post-Process | inputs: NmsPPMuxEl0YOLOV8-Post-Process[0] | outputs: user
[2026-02-03 13:20:47.974] [12196] [HailoRT] [info] [hef.cpp:1994] [get_network_group_and_network_name] No name was given. Addressing all networks of default network_group: yolov11n
[2026-02-03 15:29:08.181] [2578] [HailoRT] [info] [device.cpp:51] [Device] OS Version: Linux 6.12.62+rpt-rpi-2712 #1 SMP PREEMPT Debian 1:6.12.62-1+rpt1 (2025-12-18) aarch64
[2026-02-03 15:29:08.181] [2578] [HailoRT] [info] [control.cpp:113] [control__parse_identify_results] firmware_version is: 4.23.0
[2026-02-03 15:29:08.181] [2578] [HailoRT] [info] [control.cpp:113] [control__parse_identify_results] firmware_version is: 4.23.0
[2026-02-03 15:29:08.242] [2582] [HailoRT] [info] [device.cpp:51] [Device] OS Version: Linux 6.12.62+rpt-rpi-2712 #1 SMP PREEMPT Debian 1:6.12.62-1+rpt1 (2025-12-18) aarch64
[2026-02-03 15:29:08.243] [2582] [HailoRT] [info] [control.cpp:113] [control__parse_identify_results] firmware_version is: 4.23.0
[2026-02-03 15:29:08.243] [2582] [HailoRT] [info] [control.cpp:113] [control__parse_identify_results] firmware_version is: 4.23.0
[2026-02-03 15:29:08.671] [2542] [HailoRT] [info] [vdevice.cpp:535] [create] Creating vdevice with params: device_count: 1, scheduling_algorithm: ROUND_ROBIN, multi_process_service: false
[2026-02-03 15:29:08.682] [2542] [HailoRT] [info] [device.cpp:51] [Device] OS Version: Linux 6.12.62+rpt-rpi-2712 #1 SMP PREEMPT Debian 1:6.12.62-1+rpt1 (2025-12-18) aarch64
[2026-02-03 15:29:08.686] [2542] [HailoRT] [info] [control.cpp:113] [control__parse_identify_results] firmware_version is: 4.23.0
[2026-02-03 15:29:08.687] [2542] [HailoRT] [info] [vdevice.cpp:682] [create] VDevice Infos: 0001:01:00.0
[2026-02-03 15:29:08.793] [2542] [HailoRT] [info] [hef.cpp:1994] [get_network_group_and_network_name] No name was given. Addressing all networks of default network_group: yolov11n
[2026-02-03 15:29:08.793] [2542] [HailoRT] [info] [hef.cpp:1994] [get_network_group_and_network_name] No name was given. Addressing all networks of default network_group: yolov11n
[2026-02-03 15:29:08.848] [2542] [HailoRT] [error] [device_internal.cpp:602] [check_hef_is_compatible] HEF format is not compatible with device. Device arch: HAILO8L, HEF arch: HAILO8
[2026-02-03 15:29:08.851] [2542] [HailoRT] [error] [vdevice.cpp:892] [create_local_config_params] CHECK_SUCCESS failed with status=HAILO_HEF_NOT_COMPATIBLE_WITH_DEVICE(93)
[2026-02-03 15:29:08.851] [2542] [HailoRT] [error] [vdevice.cpp:724] [configure] CHECK_SUCCESS failed with status=HAILO_HEF_NOT_COMPATIBLE_WITH_DEVICE(93)
[2026-02-03 15:29:08.851] [2542] [HailoRT] [error] [infer_model.cpp:321] [configure] CHECK_SUCCESS failed with status=HAILO_HEF_NOT_COMPATIBLE_WITH_DEVICE(93)
[2026-02-03 15:39:59.734] [5609] [HailoRT] [info] [device.cpp:51] [Device] OS Version: Linux 6.12.62+rpt-rpi-2712 #1 SMP PREEMPT Debian 1:6.12.62-1+rpt1 (2025-12-18) aarch64
[2026-02-03 15:39:59.734] [5609] [HailoRT] [info] [control.cpp:113] [control__parse_identify_results] firmware_version is: 4.23.0
[2026-02-03 15:39:59.734] [5609] [HailoRT] [info] [control.cpp:113] [control__parse_identify_results] firmware_version is: 4.23.0
[2026-02-03 15:39:59.763] [5613] [HailoRT] [info] [device.cpp:51] [Device] OS Version: Linux 6.12.62+rpt-rpi-2712 #1 SMP PREEMPT Debian 1:6.12.62-1+rpt1 (2025-12-18) aarch64
[2026-02-03 15:39:59.764] [5613] [HailoRT] [info] [control.cpp:113] [control__parse_identify_results] firmware_version is: 4.23.0
[2026-02-03 15:39:59.764] [5613] [HailoRT] [info] [control.cpp:113] [control__parse_identify_results] firmware_version is: 4.23.0
[2026-02-03 15:39:59.837] [5588] [HailoRT] [info] [vdevice.cpp:535] [create] Creating vdevice with params: device_count: 1, scheduling_algorithm: ROUND_ROBIN, multi_process_service: false
[2026-02-03 15:39:59.838] [5588] [HailoRT] [info] [device.cpp:51] [Device] OS Version: Linux 6.12.62+rpt-rpi-2712 #1 SMP PREEMPT Debian 1:6.12.62-1+rpt1 (2025-12-18) aarch64
[2026-02-03 15:39:59.838] [5588] [HailoRT] [info] [control.cpp:113] [control__parse_identify_results] firmware_version is: 4.23.0
[2026-02-03 15:39:59.866] [5588] [HailoRT] [error] [vdevice.cpp:863] [create_devices] CHECK failed - Failed to create vdevice. there are not enough free devices. requested: 1, found: 0
[2026-02-03 15:39:59.866] [5588] [HailoRT] [error] [vdevice.cpp:662] [create] CHECK_SUCCESS failed with status=HAILO_OUT_OF_PHYSICAL_DEVICES(74)
[2026-02-03 15:39:59.866] [5588] [HailoRT] [error] [shared_resource_manager.hpp:81] [register_resource] CHECK_SUCCESS failed with status=HAILO_OUT_OF_PHYSICAL_DEVICES(74)
[2026-02-03 15:39:59.867] [5588] [HailoRT] [error] [vdevice.cpp:133] [create] CHECK_SUCCESS failed with status=HAILO_OUT_OF_PHYSICAL_DEVICES(74)
[2026-02-03 15:39:59.867] [5588] [HailoRT] [error] [vdevice.cpp:567] [create] CHECK_SUCCESS failed with status=HAILO_OUT_OF_PHYSICAL_DEVICES(74)
[2026-02-03 16:04:34.935] [3339] [HailoRT] [info] [device.cpp:51] [Device] OS Version: Linux 6.12.62+rpt-rpi-2712 #1 SMP PREEMPT Debian 1:6.12.62-1+rpt1 (2025-12-18) aarch64
[2026-02-03 16:04:34.936] [3339] [HailoRT] [info] [control.cpp:113] [control__parse_identify_results] firmware_version is: 4.23.0
[2026-02-03 16:04:34.936] [3339] [HailoRT] [info] [control.cpp:113] [control__parse_identify_results] firmware_version is: 4.23.0
[2026-02-03 16:04:34.995] [3343] [HailoRT] [info] [device.cpp:51] [Device] OS Version: Linux 6.12.62+rpt-rpi-2712 #1 SMP PREEMPT Debian 1:6.12.62-1+rpt1 (2025-12-18) aarch64
[2026-02-03 16:04:34.996] [3343] [HailoRT] [info] [control.cpp:113] [control__parse_identify_results] firmware_version is: 4.23.0
[2026-02-03 16:04:34.996] [3343] [HailoRT] [info] [control.cpp:113] [control__parse_identify_results] firmware_version is: 4.23.0
[2026-02-03 16:04:35.074] [3330] [HailoRT] [info] [vdevice.cpp:535] [create] Creating vdevice with params: device_count: 1, scheduling_algorithm: ROUND_ROBIN, multi_process_service: false
[2026-02-03 16:04:35.087] [3330] [HailoRT] [info] [device.cpp:51] [Device] OS Version: Linux 6.12.62+rpt-rpi-2712 #1 SMP PREEMPT Debian 1:6.12.62-1+rpt1 (2025-12-18) aarch64
[2026-02-03 16:04:35.087] [3330] [HailoRT] [info] [control.cpp:113] [control__parse_identify_results] firmware_version is: 4.23.0
[2026-02-03 16:04:35.087] [3330] [HailoRT] [info] [vdevice.cpp:682] [create] VDevice Infos: 0001:01:00.0
[2026-02-03 16:04:35.093] [3330] [HailoRT] [info] [hef.cpp:1994] [get_network_group_and_network_name] No name was given. Addressing all networks of default network_group: yolov11n
[2026-02-03 16:04:35.093] [3330] [HailoRT] [info] [hef.cpp:1994] [get_network_group_and_network_name] No name was given. Addressing all networks of default network_group: yolov11n
[2026-02-03 16:04:35.146] [3330] [HailoRT] [info] [internal_buffer_manager.cpp:77] [print_execution_results] Planned internal buffer memory: CMA=0 CMA-Desc=655360 Pinned=3895296. memory to edge layer usage factor is 0.8836237
[2026-02-03 16:04:35.146] [3330] [HailoRT] [info] [internal_buffer_manager.cpp:86] [print_execution_results] Default Internal buffer planner executed successfully
[2026-02-03 16:04:35.178] [3330] [HailoRT] [info] [device_internal.cpp:57] [configure] Configuring HEF took 48.436385 milliseconds
[2026-02-03 16:04:35.178] [3330] [HailoRT] [info] [vdevice.cpp:780] [configure] Configuring HEF on VDevice took 48.885354 milliseconds
[2026-02-03 16:04:35.178] [3330] [HailoRT] [info] [infer_model.cpp:417] [configure] Configuring network group 'yolov11n' with params: batch size: 2, power mode: PERFORMANCE, latency: NONE
[2026-02-03 16:04:35.179] [3330] [HailoRT] [info] [multi_io_elements.cpp:754] [create] Created (AsyncHwEl)
[2026-02-03 16:04:35.179] [3330] [HailoRT] [info] [queue_elements.cpp:450] [create] Created (EntryPushQEl0yolov11n/input_layer1 | timeout: 10s)
[2026-02-03 16:04:35.179] [3330] [HailoRT] [info] [filter_elements.cpp:101] [create] Created (PreInferEl1yolov11n/input_layer1 | Reorder - src_order: RGB4, src_shape: (640, 640, 3), dst_order: NHCW, dst_shape: (640, 640, 3))
[2026-02-03 16:04:35.179] [3330] [HailoRT] [info] [queue_elements.cpp:450] [create] Created (PushQEl1yolov11n/input_layer1 | timeout: 10s)
[2026-02-03 16:04:35.179] [3330] [HailoRT] [info] [multi_io_elements.cpp:135] [create] Created (NmsPPMuxEl0YOLOV8-Post-Process | Op YOLOV8, Name: YOLOV8-Post-Process, Score threshold: 0.300, IoU threshold: 0.45, Classes: 80, Max bboxes per class: 100, Image height: 640, Image width: 640)
[2026-02-03 16:04:35.212] [3330] [HailoRT] [info] [queue_elements.cpp:942] [create] Created (MultiPushQEl0YOLOV8-Post-Process | timeout: 10s)
[2026-02-03 16:04:35.212] [3330] [HailoRT] [info] [edge_elements.cpp:187] [create] Created (LastAsyncEl0NmsPPMuxEl0YOLOV8-Post-Process)
[2026-02-03 16:04:35.212] [3330] [HailoRT] [info] [pipeline.cpp:891] [print_deep_description] EntryPushQEl0yolov11n/input_layer1 | inputs: user | outputs: PreInferEl1yolov11n/input_layer1(running in thread_id: 3376)
[2026-02-03 16:04:35.212] [3330] [HailoRT] [info] [pipeline.cpp:891] [print_deep_description] PreInferEl1yolov11n/input_layer1 | inputs: EntryPushQEl0yolov11n/input_layer1[0] | outputs: PushQEl1yolov11n/input_layer1
[2026-02-03 16:04:35.212] [3330] [HailoRT] [info] [pipeline.cpp:891] [print_deep_description] PushQEl1yolov11n/input_layer1 | inputs: PreInferEl1yolov11n/input_layer1[0] | outputs: AsyncHwEl(running in thread_id: 3377)
[2026-02-03 16:04:35.212] [3330] [HailoRT] [info] [pipeline.cpp:891] [print_deep_description] AsyncHwEl | inputs: PushQEl1yolov11n/input_layer1[0] | outputs: MultiPushQEl0YOLOV8-Post-Process MultiPushQEl0YOLOV8-Post-Process MultiPushQEl0YOLOV8-Post-Process MultiPushQEl0YOLOV8-Post-Process MultiPushQEl0YOLOV8-Post-Process MultiPushQEl0YOLOV8-Post-Process
[2026-02-03 16:04:35.212] [3330] [HailoRT] [info] [pipeline.cpp:891] [print_deep_description] MultiPushQEl0YOLOV8-Post-Process | inputs: AsyncHwEl[0] AsyncHwEl[1] AsyncHwEl[2] AsyncHwEl[3] AsyncHwEl[4] AsyncHwEl[5] | outputs: NmsPPMuxEl0YOLOV8-Post-Process(running in thread_id: 3378)
[2026-02-03 16:04:35.212] [3330] [HailoRT] [info] [pipeline.cpp:891] [print_deep_description] NmsPPMuxEl0YOLOV8-Post-Process | inputs: MultiPushQEl0YOLOV8-Post-Process[0] | outputs: LastAsyncEl0NmsPPMuxEl0YOLOV8-Post-Process
[2026-02-03 16:04:35.212] [3330] [HailoRT] [info] [pipeline.cpp:891] [print_deep_description] LastAsyncEl0NmsPPMuxEl0YOLOV8-Post-Process | inputs: NmsPPMuxEl0YOLOV8-Post-Process[0] | outputs: user
[2026-02-03 16:04:35.612] [3362] [HailoRT] [info] [hef.cpp:1994] [get_network_group_and_network_name] No name was given. Addressing all networks of default network_group: yolov11n
