
Benchmarks complete for /home/sameer/Desktop/optimization_of_ai_models/AIML_models/computer_vision/detection/yolo11/yolo11n.pt on coco128.yaml at imgsz=640 (330.89s)
Benchmarks legend:  - ✅ Success  - ❎ Export passed but validation failed  - ❌️ Export failed
+----------------------------------------------------------------------------------------------------------+
|      Format                  Status❔   Size (MB)   metrics/mAP50-95(B)   Inference time (ms/im)   FPS   |
+==========================================================================================================+
| 1    PyTorch                 ✅         5.4         0.5099                417.31                   2.4   |
| 2    TorchScript             ✅         10.5        0.5075                472.13                   2.12  |
| 3    ONNX                    ✅         10.2        0.5076                228.33                   4.38  |
| 4    OpenVINO                ✅         10.4        0.506                 92.82                    10.77 |
| 5    TensorRT                ❌         0.0         -                     -                        -     |
| 6    CoreML                  ❌         0.0         -                     -                        -     |
| 7    TensorFlow SavedModel   ❌         0.0         -                     -                        -     |
| 8    TensorFlow GraphDef     ❌         0.0         -                     -                        -     |
| 9    TensorFlow Lite         ❌         0.0         -                     -                        -     |
| 10   TensorFlow Edge TPU     ❌         0.0         -                     -                        -     |
| 11   TensorFlow.js           ❌         0.0         -                     -                        -     |
| 12   PaddlePaddle            ❌         0.0         -                     -                        -     |
| 13   MNN                     ✅         10.1        0.5049                110.88                   9.02  |
| 14   NCNN                    ✅         10.2        0.5041                166.14                   6.02  |
| 15   IMX                     ❌         0.0         -                     -                        -     |
| 16   RKNN                    ❌         0.0         -                     -                        -     |
| 17   ExecuTorch              ✅         10.2        0.5075                214.27                   4.67  |
| 18   Axelera                 ❌         0.0         -                     -                        -     |
+----------------------------------------------------------------------------------------------------------+
