[2026-03-10 15:36:40.085] [4014] [HailoRT] [info] [device.cpp:51] [Device] OS Version: Linux 6.12.62+rpt-rpi-2712 #1 SMP PREEMPT Debian 1:6.12.62-1+rpt1 (2025-12-18) aarch64
[2026-03-10 15:36:40.086] [4014] [HailoRT] [info] [control.cpp:113] [control__parse_identify_results] firmware_version is: 4.23.0
[2026-03-10 15:36:40.086] [4014] [HailoRT] [info] [control.cpp:113] [control__parse_identify_results] firmware_version is: 4.23.0
[2026-03-10 15:36:40.450] [4036] [HailoRT] [info] [device.cpp:51] [Device] OS Version: Linux 6.12.62+rpt-rpi-2712 #1 SMP PREEMPT Debian 1:6.12.62-1+rpt1 (2025-12-18) aarch64
[2026-03-10 15:36:40.450] [4036] [HailoRT] [info] [control.cpp:113] [control__parse_identify_results] firmware_version is: 4.23.0
[2026-03-10 15:36:40.450] [4036] [HailoRT] [info] [control.cpp:113] [control__parse_identify_results] firmware_version is: 4.23.0
[2026-03-10 15:36:40.562] [3967] [HailoRT] [info] [vdevice.cpp:535] [create] Creating vdevice with params: device_count: 1, scheduling_algorithm: ROUND_ROBIN, multi_process_service: false
[2026-03-10 15:36:40.574] [3967] [HailoRT] [info] [device.cpp:51] [Device] OS Version: Linux 6.12.62+rpt-rpi-2712 #1 SMP PREEMPT Debian 1:6.12.62-1+rpt1 (2025-12-18) aarch64
[2026-03-10 15:36:40.574] [3967] [HailoRT] [info] [control.cpp:113] [control__parse_identify_results] firmware_version is: 4.23.0
[2026-03-10 15:36:40.575] [3967] [HailoRT] [info] [vdevice.cpp:682] [create] VDevice Infos: 0001:01:00.0
[2026-03-10 15:36:40.577] [3967] [HailoRT] [error] [file_utils.cpp:124] [open] CHECK failed - Failed opening file, path: None
[2026-03-10 15:36:40.577] [3967] [HailoRT] [error] [hef.cpp:560] [parse_hef_file] CHECK_SUCCESS failed with status=HAILO_OPEN_FILE_FAILURE(13)
[2026-03-10 15:36:40.577] [3967] [HailoRT] [error] [hef.cpp:1060] [Impl] Failed parsing HEF file
[2026-03-10 15:36:40.577] [3967] [HailoRT] [error] [hef.cpp:333] [create] Failed creating HEF
[2026-03-10 15:36:40.577] [3967] [HailoRT] [error] [hef.cpp:168] [create] CHECK_SUCCESS failed with status=HAILO_OPEN_FILE_FAILURE(13)
[2026-03-10 15:36:40.579] [3967] [HailoRT] [error] [vdevice.cpp:787] [create_infer_model] CHECK_SUCCESS failed with status=HAILO_OPEN_FILE_FAILURE(13)
[2026-03-10 15:43:52.602] [5058] [HailoRT] [info] [device.cpp:51] [Device] OS Version: Linux 6.12.62+rpt-rpi-2712 #1 SMP PREEMPT Debian 1:6.12.62-1+rpt1 (2025-12-18) aarch64
[2026-03-10 15:43:52.604] [5058] [HailoRT] [info] [control.cpp:113] [control__parse_identify_results] firmware_version is: 4.23.0
[2026-03-10 15:43:52.604] [5058] [HailoRT] [info] [control.cpp:113] [control__parse_identify_results] firmware_version is: 4.23.0
[2026-03-10 15:43:52.733] [5062] [HailoRT] [info] [device.cpp:51] [Device] OS Version: Linux 6.12.62+rpt-rpi-2712 #1 SMP PREEMPT Debian 1:6.12.62-1+rpt1 (2025-12-18) aarch64
[2026-03-10 15:43:52.734] [5062] [HailoRT] [info] [control.cpp:113] [control__parse_identify_results] firmware_version is: 4.23.0
[2026-03-10 15:43:52.734] [5062] [HailoRT] [info] [control.cpp:113] [control__parse_identify_results] firmware_version is: 4.23.0
[2026-03-10 15:43:52.804] [5030] [HailoRT] [info] [vdevice.cpp:535] [create] Creating vdevice with params: device_count: 1, scheduling_algorithm: ROUND_ROBIN, multi_process_service: false
[2026-03-10 15:43:52.816] [5030] [HailoRT] [info] [device.cpp:51] [Device] OS Version: Linux 6.12.62+rpt-rpi-2712 #1 SMP PREEMPT Debian 1:6.12.62-1+rpt1 (2025-12-18) aarch64
[2026-03-10 15:43:52.817] [5030] [HailoRT] [info] [control.cpp:113] [control__parse_identify_results] firmware_version is: 4.23.0
[2026-03-10 15:43:52.817] [5030] [HailoRT] [info] [vdevice.cpp:682] [create] VDevice Infos: 0001:01:00.0
[2026-03-10 15:43:52.817] [5030] [HailoRT] [error] [file_utils.cpp:124] [open] CHECK failed - Failed opening file, path: None
[2026-03-10 15:43:52.817] [5030] [HailoRT] [error] [hef.cpp:560] [parse_hef_file] CHECK_SUCCESS failed with status=HAILO_OPEN_FILE_FAILURE(13)
[2026-03-10 15:43:52.817] [5030] [HailoRT] [error] [hef.cpp:1060] [Impl] Failed parsing HEF file
[2026-03-10 15:43:52.817] [5030] [HailoRT] [error] [hef.cpp:333] [create] Failed creating HEF
[2026-03-10 15:43:52.817] [5030] [HailoRT] [error] [hef.cpp:168] [create] CHECK_SUCCESS failed with status=HAILO_OPEN_FILE_FAILURE(13)
[2026-03-10 15:43:52.817] [5030] [HailoRT] [error] [vdevice.cpp:787] [create_infer_model] CHECK_SUCCESS failed with status=HAILO_OPEN_FILE_FAILURE(13)
[2026-03-10 15:47:50.910] [11196] [HailoRT] [info] [device.cpp:51] [Device] OS Version: Linux 6.12.62+rpt-rpi-2712 #1 SMP PREEMPT Debian 1:6.12.62-1+rpt1 (2025-12-18) aarch64
[2026-03-10 15:47:50.910] [11196] [HailoRT] [info] [control.cpp:113] [control__parse_identify_results] firmware_version is: 4.23.0
[2026-03-10 15:47:50.911] [11196] [HailoRT] [info] [control.cpp:113] [control__parse_identify_results] firmware_version is: 4.23.0
[2026-03-10 15:47:51.054] [11200] [HailoRT] [info] [device.cpp:51] [Device] OS Version: Linux 6.12.62+rpt-rpi-2712 #1 SMP PREEMPT Debian 1:6.12.62-1+rpt1 (2025-12-18) aarch64
[2026-03-10 15:47:51.055] [11200] [HailoRT] [info] [control.cpp:113] [control__parse_identify_results] firmware_version is: 4.23.0
[2026-03-10 15:47:51.055] [11200] [HailoRT] [info] [control.cpp:113] [control__parse_identify_results] firmware_version is: 4.23.0
[2026-03-10 15:47:51.121] [11163] [HailoRT] [info] [vdevice.cpp:535] [create] Creating vdevice with params: device_count: 1, scheduling_algorithm: ROUND_ROBIN, multi_process_service: false
[2026-03-10 15:47:51.134] [11163] [HailoRT] [info] [device.cpp:51] [Device] OS Version: Linux 6.12.62+rpt-rpi-2712 #1 SMP PREEMPT Debian 1:6.12.62-1+rpt1 (2025-12-18) aarch64
[2026-03-10 15:47:51.134] [11163] [HailoRT] [info] [control.cpp:113] [control__parse_identify_results] firmware_version is: 4.23.0
[2026-03-10 15:47:51.134] [11163] [HailoRT] [info] [vdevice.cpp:682] [create] VDevice Infos: 0001:01:00.0
[2026-03-10 15:47:51.134] [11163] [HailoRT] [error] [file_utils.cpp:124] [open] CHECK failed - Failed opening file, path: None
[2026-03-10 15:47:51.134] [11163] [HailoRT] [error] [hef.cpp:560] [parse_hef_file] CHECK_SUCCESS failed with status=HAILO_OPEN_FILE_FAILURE(13)
[2026-03-10 15:47:51.134] [11163] [HailoRT] [error] [hef.cpp:1060] [Impl] Failed parsing HEF file
[2026-03-10 15:47:51.135] [11163] [HailoRT] [error] [hef.cpp:333] [create] Failed creating HEF
[2026-03-10 15:47:51.135] [11163] [HailoRT] [error] [hef.cpp:168] [create] CHECK_SUCCESS failed with status=HAILO_OPEN_FILE_FAILURE(13)
[2026-03-10 15:47:51.135] [11163] [HailoRT] [error] [vdevice.cpp:787] [create_infer_model] CHECK_SUCCESS failed with status=HAILO_OPEN_FILE_FAILURE(13)
[2026-03-10 15:56:08.238] [11693] [HailoRT] [info] [device.cpp:51] [Device] OS Version: Linux 6.12.62+rpt-rpi-2712 #1 SMP PREEMPT Debian 1:6.12.62-1+rpt1 (2025-12-18) aarch64
[2026-03-10 15:56:08.239] [11693] [HailoRT] [info] [control.cpp:113] [control__parse_identify_results] firmware_version is: 4.23.0
[2026-03-10 15:56:08.239] [11693] [HailoRT] [info] [control.cpp:113] [control__parse_identify_results] firmware_version is: 4.23.0
[2026-03-10 15:56:08.405] [11711] [HailoRT] [info] [device.cpp:51] [Device] OS Version: Linux 6.12.62+rpt-rpi-2712 #1 SMP PREEMPT Debian 1:6.12.62-1+rpt1 (2025-12-18) aarch64
[2026-03-10 15:56:08.405] [11711] [HailoRT] [info] [control.cpp:113] [control__parse_identify_results] firmware_version is: 4.23.0
[2026-03-10 15:56:08.405] [11711] [HailoRT] [info] [control.cpp:113] [control__parse_identify_results] firmware_version is: 4.23.0
[2026-03-10 15:56:08.475] [11678] [HailoRT] [info] [vdevice.cpp:535] [create] Creating vdevice with params: device_count: 1, scheduling_algorithm: ROUND_ROBIN, multi_process_service: false
[2026-03-10 15:56:08.486] [11678] [HailoRT] [info] [device.cpp:51] [Device] OS Version: Linux 6.12.62+rpt-rpi-2712 #1 SMP PREEMPT Debian 1:6.12.62-1+rpt1 (2025-12-18) aarch64
[2026-03-10 15:56:08.486] [11678] [HailoRT] [info] [control.cpp:113] [control__parse_identify_results] firmware_version is: 4.23.0
[2026-03-10 15:56:08.486] [11678] [HailoRT] [info] [vdevice.cpp:682] [create] VDevice Infos: 0001:01:00.0
[2026-03-10 15:56:08.486] [11678] [HailoRT] [error] [file_utils.cpp:124] [open] CHECK failed - Failed opening file, path: None
[2026-03-10 15:56:08.487] [11678] [HailoRT] [error] [hef.cpp:560] [parse_hef_file] CHECK_SUCCESS failed with status=HAILO_OPEN_FILE_FAILURE(13)
[2026-03-10 15:56:08.487] [11678] [HailoRT] [error] [hef.cpp:1060] [Impl] Failed parsing HEF file
[2026-03-10 15:56:08.487] [11678] [HailoRT] [error] [hef.cpp:333] [create] Failed creating HEF
[2026-03-10 15:56:08.487] [11678] [HailoRT] [error] [hef.cpp:168] [create] CHECK_SUCCESS failed with status=HAILO_OPEN_FILE_FAILURE(13)
[2026-03-10 15:56:08.487] [11678] [HailoRT] [error] [vdevice.cpp:787] [create_infer_model] CHECK_SUCCESS failed with status=HAILO_OPEN_FILE_FAILURE(13)
[2026-03-10 15:58:24.029] [12282] [HailoRT] [info] [device.cpp:51] [Device] OS Version: Linux 6.12.62+rpt-rpi-2712 #1 SMP PREEMPT Debian 1:6.12.62-1+rpt1 (2025-12-18) aarch64
[2026-03-10 15:58:24.030] [12282] [HailoRT] [info] [control.cpp:113] [control__parse_identify_results] firmware_version is: 4.23.0
[2026-03-10 15:58:24.031] [12282] [HailoRT] [info] [control.cpp:113] [control__parse_identify_results] firmware_version is: 4.23.0
[2026-03-10 15:58:24.165] [12287] [HailoRT] [info] [device.cpp:51] [Device] OS Version: Linux 6.12.62+rpt-rpi-2712 #1 SMP PREEMPT Debian 1:6.12.62-1+rpt1 (2025-12-18) aarch64
[2026-03-10 15:58:24.165] [12287] [HailoRT] [info] [control.cpp:113] [control__parse_identify_results] firmware_version is: 4.23.0
[2026-03-10 15:58:24.165] [12287] [HailoRT] [info] [control.cpp:113] [control__parse_identify_results] firmware_version is: 4.23.0
[2026-03-10 15:58:24.238] [12249] [HailoRT] [info] [vdevice.cpp:535] [create] Creating vdevice with params: device_count: 1, scheduling_algorithm: ROUND_ROBIN, multi_process_service: false
[2026-03-10 15:58:24.250] [12249] [HailoRT] [info] [device.cpp:51] [Device] OS Version: Linux 6.12.62+rpt-rpi-2712 #1 SMP PREEMPT Debian 1:6.12.62-1+rpt1 (2025-12-18) aarch64
[2026-03-10 15:58:24.250] [12249] [HailoRT] [info] [control.cpp:113] [control__parse_identify_results] firmware_version is: 4.23.0
[2026-03-10 15:58:24.250] [12249] [HailoRT] [info] [vdevice.cpp:682] [create] VDevice Infos: 0001:01:00.0
[2026-03-10 15:58:24.250] [12249] [HailoRT] [error] [file_utils.cpp:124] [open] CHECK failed - Failed opening file, path: None
[2026-03-10 15:58:24.250] [12249] [HailoRT] [error] [hef.cpp:560] [parse_hef_file] CHECK_SUCCESS failed with status=HAILO_OPEN_FILE_FAILURE(13)
[2026-03-10 15:58:24.251] [12249] [HailoRT] [error] [hef.cpp:1060] [Impl] Failed parsing HEF file
[2026-03-10 15:58:24.251] [12249] [HailoRT] [error] [hef.cpp:333] [create] Failed creating HEF
[2026-03-10 15:58:24.251] [12249] [HailoRT] [error] [hef.cpp:168] [create] CHECK_SUCCESS failed with status=HAILO_OPEN_FILE_FAILURE(13)
[2026-03-10 15:58:24.251] [12249] [HailoRT] [error] [vdevice.cpp:787] [create_infer_model] CHECK_SUCCESS failed with status=HAILO_OPEN_FILE_FAILURE(13)
[2026-03-10 16:06:01.065] [12679] [HailoRT] [info] [device.cpp:51] [Device] OS Version: Linux 6.12.62+rpt-rpi-2712 #1 SMP PREEMPT Debian 1:6.12.62-1+rpt1 (2025-12-18) aarch64
[2026-03-10 16:06:01.065] [12679] [HailoRT] [info] [control.cpp:113] [control__parse_identify_results] firmware_version is: 4.23.0
[2026-03-10 16:06:01.066] [12679] [HailoRT] [info] [control.cpp:113] [control__parse_identify_results] firmware_version is: 4.23.0
[2026-03-10 16:06:01.189] [12683] [HailoRT] [info] [device.cpp:51] [Device] OS Version: Linux 6.12.62+rpt-rpi-2712 #1 SMP PREEMPT Debian 1:6.12.62-1+rpt1 (2025-12-18) aarch64
[2026-03-10 16:06:01.189] [12683] [HailoRT] [info] [control.cpp:113] [control__parse_identify_results] firmware_version is: 4.23.0
[2026-03-10 16:06:01.189] [12683] [HailoRT] [info] [control.cpp:113] [control__parse_identify_results] firmware_version is: 4.23.0
[2026-03-10 16:06:01.259] [12652] [HailoRT] [info] [vdevice.cpp:535] [create] Creating vdevice with params: device_count: 1, scheduling_algorithm: ROUND_ROBIN, multi_process_service: false
[2026-03-10 16:06:01.270] [12652] [HailoRT] [info] [device.cpp:51] [Device] OS Version: Linux 6.12.62+rpt-rpi-2712 #1 SMP PREEMPT Debian 1:6.12.62-1+rpt1 (2025-12-18) aarch64
[2026-03-10 16:06:01.270] [12652] [HailoRT] [info] [control.cpp:113] [control__parse_identify_results] firmware_version is: 4.23.0
[2026-03-10 16:06:01.270] [12652] [HailoRT] [info] [vdevice.cpp:682] [create] VDevice Infos: 0001:01:00.0
[2026-03-10 16:06:01.380] [12652] [HailoRT] [info] [hef.cpp:1994] [get_network_group_and_network_name] No name was given. Addressing all networks of default network_group: yolov11n
[2026-03-10 16:06:01.380] [12652] [HailoRT] [info] [hef.cpp:1994] [get_network_group_and_network_name] No name was given. Addressing all networks of default network_group: yolov11n
[2026-03-10 16:06:01.457] [12652] [HailoRT] [info] [internal_buffer_manager.cpp:77] [print_execution_results] Planned internal buffer memory: CMA=0 CMA-Desc=327680 Pinned=2357760. memory to edge layer usage factor is 1
[2026-03-10 16:06:01.457] [12652] [HailoRT] [info] [internal_buffer_manager.cpp:86] [print_execution_results] Default Internal buffer planner executed successfully
[2026-03-10 16:06:01.480] [12652] [HailoRT] [info] [device_internal.cpp:57] [configure] Configuring HEF took 33.069891 milliseconds
[2026-03-10 16:06:01.480] [12652] [HailoRT] [info] [vdevice.cpp:780] [configure] Configuring HEF on VDevice took 33.813856 milliseconds
[2026-03-10 16:06:01.480] [12652] [HailoRT] [info] [infer_model.cpp:417] [configure] Configuring network group 'yolov11n' with params: batch size: 2, power mode: PERFORMANCE, latency: NONE
[2026-03-10 16:06:01.481] [12652] [HailoRT] [info] [multi_io_elements.cpp:754] [create] Created (AsyncHwEl)
[2026-03-10 16:06:01.482] [12652] [HailoRT] [info] [queue_elements.cpp:450] [create] Created (EntryPushQEl0yolov11n/input_layer1 | timeout: 10s)
[2026-03-10 16:06:01.482] [12652] [HailoRT] [info] [filter_elements.cpp:101] [create] Created (PreInferEl8yolov11n/input_layer1 | Reorder - src_order: RGB4, src_shape: (640, 640, 3), dst_order: NHCW, dst_shape: (640, 640, 3))
[2026-03-10 16:06:01.482] [12652] [HailoRT] [info] [queue_elements.cpp:450] [create] Created (PushQEl8yolov11n/input_layer1 | timeout: 10s)
[2026-03-10 16:06:01.482] [12652] [HailoRT] [info] [multi_io_elements.cpp:135] [create] Created (NmsPPMuxEl0YOLOV8-Post-Process | Op YOLOV8, Name: YOLOV8-Post-Process, Score threshold: 0.300, IoU threshold: 0.45, Classes: 80, Max bboxes per class: 100, Image height: 640, Image width: 640)
[2026-03-10 16:06:01.506] [12652] [HailoRT] [info] [queue_elements.cpp:942] [create] Created (MultiPushQEl0YOLOV8-Post-Process | timeout: 10s)
[2026-03-10 16:06:01.506] [12652] [HailoRT] [info] [edge_elements.cpp:187] [create] Created (LastAsyncEl0NmsPPMuxEl0YOLOV8-Post-Process)
[2026-03-10 16:06:01.506] [12652] [HailoRT] [info] [pipeline.cpp:891] [print_deep_description] EntryPushQEl0yolov11n/input_layer1 | inputs: user | outputs: PreInferEl8yolov11n/input_layer1(running in thread_id: 12717)
[2026-03-10 16:06:01.506] [12652] [HailoRT] [info] [pipeline.cpp:891] [print_deep_description] PreInferEl8yolov11n/input_layer1 | inputs: EntryPushQEl0yolov11n/input_layer1[0] | outputs: PushQEl8yolov11n/input_layer1
[2026-03-10 16:06:01.506] [12652] [HailoRT] [info] [pipeline.cpp:891] [print_deep_description] PushQEl8yolov11n/input_layer1 | inputs: PreInferEl8yolov11n/input_layer1[0] | outputs: AsyncHwEl(running in thread_id: 12718)
[2026-03-10 16:06:01.506] [12652] [HailoRT] [info] [pipeline.cpp:891] [print_deep_description] AsyncHwEl | inputs: PushQEl8yolov11n/input_layer1[0] | outputs: MultiPushQEl0YOLOV8-Post-Process MultiPushQEl0YOLOV8-Post-Process MultiPushQEl0YOLOV8-Post-Process MultiPushQEl0YOLOV8-Post-Process MultiPushQEl0YOLOV8-Post-Process MultiPushQEl0YOLOV8-Post-Process
[2026-03-10 16:06:01.506] [12652] [HailoRT] [info] [pipeline.cpp:891] [print_deep_description] MultiPushQEl0YOLOV8-Post-Process | inputs: AsyncHwEl[0] AsyncHwEl[1] AsyncHwEl[2] AsyncHwEl[3] AsyncHwEl[4] AsyncHwEl[5] | outputs: NmsPPMuxEl0YOLOV8-Post-Process(running in thread_id: 12719)
[2026-03-10 16:06:01.506] [12652] [HailoRT] [info] [pipeline.cpp:891] [print_deep_description] NmsPPMuxEl0YOLOV8-Post-Process | inputs: MultiPushQEl0YOLOV8-Post-Process[0] | outputs: LastAsyncEl0NmsPPMuxEl0YOLOV8-Post-Process
[2026-03-10 16:06:01.506] [12652] [HailoRT] [info] [pipeline.cpp:891] [print_deep_description] LastAsyncEl0NmsPPMuxEl0YOLOV8-Post-Process | inputs: NmsPPMuxEl0YOLOV8-Post-Process[0] | outputs: user
[2026-03-10 16:06:01.863] [12708] [HailoRT] [info] [hef.cpp:1994] [get_network_group_and_network_name] No name was given. Addressing all networks of default network_group: yolov11n
[2026-03-10 16:07:05.369] [12652] [HailoRT] [info] [async_infer_runner.cpp:86] [shutdown] Pipeline was aborted. Shutting it down
[2026-03-10 16:07:05.373] [12652] [HailoRT] [info] [queue_elements.cpp:1131] [execute_deactivate] enqueue() in element MultiPushQEl0YOLOV8-Post-Process was aborted, got status = HAILO_SHUTDOWN_EVENT_SIGNALED(57)
[2026-03-10 16:07:05.373] [12652] [HailoRT] [info] [queue_elements.cpp:1131] [execute_deactivate] enqueue() in element MultiPushQEl0YOLOV8-Post-Process was aborted, got status = HAILO_SHUTDOWN_EVENT_SIGNALED(57)
[2026-03-10 16:07:05.373] [12652] [HailoRT] [info] [queue_elements.cpp:1131] [execute_deactivate] enqueue() in element MultiPushQEl0YOLOV8-Post-Process was aborted, got status = HAILO_SHUTDOWN_EVENT_SIGNALED(57)
[2026-03-10 16:07:05.373] [12652] [HailoRT] [info] [queue_elements.cpp:1131] [execute_deactivate] enqueue() in element MultiPushQEl0YOLOV8-Post-Process was aborted, got status = HAILO_SHUTDOWN_EVENT_SIGNALED(57)
[2026-03-10 16:07:05.373] [12652] [HailoRT] [info] [queue_elements.cpp:1131] [execute_deactivate] enqueue() in element MultiPushQEl0YOLOV8-Post-Process was aborted, got status = HAILO_SHUTDOWN_EVENT_SIGNALED(57)
[2026-03-10 16:07:05.373] [12652] [HailoRT] [info] [queue_elements.cpp:1131] [execute_deactivate] enqueue() in element MultiPushQEl0YOLOV8-Post-Process was aborted, got status = HAILO_SHUTDOWN_EVENT_SIGNALED(57)
[2026-03-10 16:07:05.373] [12652] [HailoRT] [info] [queue_elements.cpp:570] [execute_deactivate] enqueue() in element PushQEl8yolov11n/input_layer1 was aborted, got status = HAILO_SHUTDOWN_EVENT_SIGNALED(57)
[2026-03-10 16:07:05.373] [12652] [HailoRT] [info] [queue_elements.cpp:570] [execute_deactivate] enqueue() in element EntryPushQEl0yolov11n/input_layer1 was aborted, got status = HAILO_SHUTDOWN_EVENT_SIGNALED(57)
[2026-03-10 16:07:05.373] [12652] [HailoRT] [info] [queue_elements.cpp:46] [~BaseQueueElement] Queue element EntryPushQEl0yolov11n/input_layer1 has 0 frames in his Queue on destruction
[2026-03-10 16:07:05.373] [12652] [HailoRT] [info] [queue_elements.cpp:46] [~BaseQueueElement] Queue element PushQEl8yolov11n/input_layer1 has 0 frames in his Queue on destruction
[2026-03-10 16:17:45.346] [13584] [HailoRT] [info] [device.cpp:51] [Device] OS Version: Linux 6.12.62+rpt-rpi-2712 #1 SMP PREEMPT Debian 1:6.12.62-1+rpt1 (2025-12-18) aarch64
[2026-03-10 16:17:45.350] [13584] [HailoRT] [info] [control.cpp:113] [control__parse_identify_results] firmware_version is: 4.23.0
[2026-03-10 16:17:45.350] [13584] [HailoRT] [info] [control.cpp:113] [control__parse_identify_results] firmware_version is: 4.23.0
[2026-03-10 16:17:45.518] [13589] [HailoRT] [info] [device.cpp:51] [Device] OS Version: Linux 6.12.62+rpt-rpi-2712 #1 SMP PREEMPT Debian 1:6.12.62-1+rpt1 (2025-12-18) aarch64
[2026-03-10 16:17:45.519] [13589] [HailoRT] [info] [control.cpp:113] [control__parse_identify_results] firmware_version is: 4.23.0
[2026-03-10 16:17:45.519] [13589] [HailoRT] [info] [control.cpp:113] [control__parse_identify_results] firmware_version is: 4.23.0
[2026-03-10 16:17:45.583] [13554] [HailoRT] [info] [vdevice.cpp:535] [create] Creating vdevice with params: device_count: 1, scheduling_algorithm: ROUND_ROBIN, multi_process_service: false
[2026-03-10 16:17:45.594] [13554] [HailoRT] [info] [device.cpp:51] [Device] OS Version: Linux 6.12.62+rpt-rpi-2712 #1 SMP PREEMPT Debian 1:6.12.62-1+rpt1 (2025-12-18) aarch64
[2026-03-10 16:17:45.594] [13554] [HailoRT] [info] [control.cpp:113] [control__parse_identify_results] firmware_version is: 4.23.0
[2026-03-10 16:17:45.594] [13554] [HailoRT] [info] [vdevice.cpp:682] [create] VDevice Infos: 0001:01:00.0
[2026-03-10 16:17:45.598] [13554] [HailoRT] [info] [hef.cpp:1994] [get_network_group_and_network_name] No name was given. Addressing all networks of default network_group: yolov11n
[2026-03-10 16:17:45.598] [13554] [HailoRT] [info] [hef.cpp:1994] [get_network_group_and_network_name] No name was given. Addressing all networks of default network_group: yolov11n
[2026-03-10 16:17:45.673] [13554] [HailoRT] [info] [internal_buffer_manager.cpp:77] [print_execution_results] Planned internal buffer memory: CMA=0 CMA-Desc=327680 Pinned=2357760. memory to edge layer usage factor is 1
[2026-03-10 16:17:45.673] [13554] [HailoRT] [info] [internal_buffer_manager.cpp:86] [print_execution_results] Default Internal buffer planner executed successfully
[2026-03-10 16:17:45.697] [13554] [HailoRT] [info] [device_internal.cpp:57] [configure] Configuring HEF took 32.207004 milliseconds
[2026-03-10 16:17:45.697] [13554] [HailoRT] [info] [vdevice.cpp:780] [configure] Configuring HEF on VDevice took 32.546283 milliseconds
[2026-03-10 16:17:45.697] [13554] [HailoRT] [info] [infer_model.cpp:417] [configure] Configuring network group 'yolov11n' with params: batch size: 2, power mode: PERFORMANCE, latency: NONE
[2026-03-10 16:17:45.697] [13554] [HailoRT] [info] [multi_io_elements.cpp:754] [create] Created (AsyncHwEl)
[2026-03-10 16:17:45.698] [13554] [HailoRT] [info] [queue_elements.cpp:450] [create] Created (EntryPushQEl0yolov11n/input_layer1 | timeout: 10s)
[2026-03-10 16:17:45.698] [13554] [HailoRT] [info] [filter_elements.cpp:101] [create] Created (PreInferEl8yolov11n/input_layer1 | Reorder - src_order: RGB4, src_shape: (640, 640, 3), dst_order: NHCW, dst_shape: (640, 640, 3))
[2026-03-10 16:17:45.698] [13554] [HailoRT] [info] [queue_elements.cpp:450] [create] Created (PushQEl8yolov11n/input_layer1 | timeout: 10s)
[2026-03-10 16:17:45.698] [13554] [HailoRT] [info] [multi_io_elements.cpp:135] [create] Created (NmsPPMuxEl0YOLOV8-Post-Process | Op YOLOV8, Name: YOLOV8-Post-Process, Score threshold: 0.300, IoU threshold: 0.45, Classes: 80, Max bboxes per class: 100, Image height: 640, Image width: 640)
[2026-03-10 16:17:45.738] [13554] [HailoRT] [info] [queue_elements.cpp:942] [create] Created (MultiPushQEl0YOLOV8-Post-Process | timeout: 10s)
[2026-03-10 16:17:45.738] [13554] [HailoRT] [info] [edge_elements.cpp:187] [create] Created (LastAsyncEl0NmsPPMuxEl0YOLOV8-Post-Process)
[2026-03-10 16:17:45.738] [13554] [HailoRT] [info] [pipeline.cpp:891] [print_deep_description] EntryPushQEl0yolov11n/input_layer1 | inputs: user | outputs: PreInferEl8yolov11n/input_layer1(running in thread_id: 13622)
[2026-03-10 16:17:45.738] [13554] [HailoRT] [info] [pipeline.cpp:891] [print_deep_description] PreInferEl8yolov11n/input_layer1 | inputs: EntryPushQEl0yolov11n/input_layer1[0] | outputs: PushQEl8yolov11n/input_layer1
[2026-03-10 16:17:45.738] [13554] [HailoRT] [info] [pipeline.cpp:891] [print_deep_description] PushQEl8yolov11n/input_layer1 | inputs: PreInferEl8yolov11n/input_layer1[0] | outputs: AsyncHwEl(running in thread_id: 13623)
[2026-03-10 16:17:45.738] [13554] [HailoRT] [info] [pipeline.cpp:891] [print_deep_description] AsyncHwEl | inputs: PushQEl8yolov11n/input_layer1[0] | outputs: MultiPushQEl0YOLOV8-Post-Process MultiPushQEl0YOLOV8-Post-Process MultiPushQEl0YOLOV8-Post-Process MultiPushQEl0YOLOV8-Post-Process MultiPushQEl0YOLOV8-Post-Process MultiPushQEl0YOLOV8-Post-Process
[2026-03-10 16:17:45.739] [13554] [HailoRT] [info] [pipeline.cpp:891] [print_deep_description] MultiPushQEl0YOLOV8-Post-Process | inputs: AsyncHwEl[0] AsyncHwEl[1] AsyncHwEl[2] AsyncHwEl[3] AsyncHwEl[4] AsyncHwEl[5] | outputs: NmsPPMuxEl0YOLOV8-Post-Process(running in thread_id: 13624)
[2026-03-10 16:17:45.739] [13554] [HailoRT] [info] [pipeline.cpp:891] [print_deep_description] NmsPPMuxEl0YOLOV8-Post-Process | inputs: MultiPushQEl0YOLOV8-Post-Process[0] | outputs: LastAsyncEl0NmsPPMuxEl0YOLOV8-Post-Process
[2026-03-10 16:17:45.739] [13554] [HailoRT] [info] [pipeline.cpp:891] [print_deep_description] LastAsyncEl0NmsPPMuxEl0YOLOV8-Post-Process | inputs: NmsPPMuxEl0YOLOV8-Post-Process[0] | outputs: user
[2026-03-10 16:17:46.080] [13614] [HailoRT] [info] [hef.cpp:1994] [get_network_group_and_network_name] No name was given. Addressing all networks of default network_group: yolov11n
[2026-03-10 16:21:39.567] [14357] [HailoRT] [info] [device.cpp:51] [Device] OS Version: Linux 6.12.62+rpt-rpi-2712 #1 SMP PREEMPT Debian 1:6.12.62-1+rpt1 (2025-12-18) aarch64
[2026-03-10 16:21:39.569] [14357] [HailoRT] [info] [control.cpp:113] [control__parse_identify_results] firmware_version is: 4.23.0
[2026-03-10 16:21:39.569] [14357] [HailoRT] [info] [control.cpp:113] [control__parse_identify_results] firmware_version is: 4.23.0
[2026-03-10 16:21:39.698] [14361] [HailoRT] [info] [device.cpp:51] [Device] OS Version: Linux 6.12.62+rpt-rpi-2712 #1 SMP PREEMPT Debian 1:6.12.62-1+rpt1 (2025-12-18) aarch64
[2026-03-10 16:21:39.698] [14361] [HailoRT] [info] [control.cpp:113] [control__parse_identify_results] firmware_version is: 4.23.0
[2026-03-10 16:21:39.702] [14361] [HailoRT] [info] [control.cpp:113] [control__parse_identify_results] firmware_version is: 4.23.0
[2026-03-10 16:21:39.800] [14325] [HailoRT] [info] [vdevice.cpp:535] [create] Creating vdevice with params: device_count: 1, scheduling_algorithm: ROUND_ROBIN, multi_process_service: false
[2026-03-10 16:21:39.813] [14325] [HailoRT] [info] [device.cpp:51] [Device] OS Version: Linux 6.12.62+rpt-rpi-2712 #1 SMP PREEMPT Debian 1:6.12.62-1+rpt1 (2025-12-18) aarch64
[2026-03-10 16:21:39.813] [14325] [HailoRT] [info] [control.cpp:113] [control__parse_identify_results] firmware_version is: 4.23.0
[2026-03-10 16:21:39.813] [14325] [HailoRT] [info] [vdevice.cpp:682] [create] VDevice Infos: 0001:01:00.0
[2026-03-10 16:21:39.822] [14325] [HailoRT] [info] [hef.cpp:1994] [get_network_group_and_network_name] No name was given. Addressing all networks of default network_group: yolov11n
[2026-03-10 16:21:39.822] [14325] [HailoRT] [info] [hef.cpp:1994] [get_network_group_and_network_name] No name was given. Addressing all networks of default network_group: yolov11n
[2026-03-10 16:21:39.918] [14325] [HailoRT] [info] [internal_buffer_manager.cpp:77] [print_execution_results] Planned internal buffer memory: CMA=0 CMA-Desc=327680 Pinned=2357760. memory to edge layer usage factor is 1
[2026-03-10 16:21:39.918] [14325] [HailoRT] [info] [internal_buffer_manager.cpp:86] [print_execution_results] Default Internal buffer planner executed successfully
[2026-03-10 16:21:39.948] [14325] [HailoRT] [info] [device_internal.cpp:57] [configure] Configuring HEF took 37.734727 milliseconds
[2026-03-10 16:21:39.948] [14325] [HailoRT] [info] [vdevice.cpp:780] [configure] Configuring HEF on VDevice took 39.332286 milliseconds
[2026-03-10 16:21:39.948] [14325] [HailoRT] [info] [infer_model.cpp:417] [configure] Configuring network group 'yolov11n' with params: batch size: 2, power mode: PERFORMANCE, latency: NONE
[2026-03-10 16:21:39.948] [14325] [HailoRT] [info] [multi_io_elements.cpp:754] [create] Created (AsyncHwEl)
[2026-03-10 16:21:39.948] [14325] [HailoRT] [info] [queue_elements.cpp:450] [create] Created (EntryPushQEl0yolov11n/input_layer1 | timeout: 10s)
[2026-03-10 16:21:39.948] [14325] [HailoRT] [info] [filter_elements.cpp:101] [create] Created (PreInferEl8yolov11n/input_layer1 | Reorder - src_order: RGB4, src_shape: (640, 640, 3), dst_order: NHCW, dst_shape: (640, 640, 3))
[2026-03-10 16:21:39.948] [14325] [HailoRT] [info] [queue_elements.cpp:450] [create] Created (PushQEl8yolov11n/input_layer1 | timeout: 10s)
[2026-03-10 16:21:39.948] [14325] [HailoRT] [info] [multi_io_elements.cpp:135] [create] Created (NmsPPMuxEl0YOLOV8-Post-Process | Op YOLOV8, Name: YOLOV8-Post-Process, Score threshold: 0.300, IoU threshold: 0.45, Classes: 80, Max bboxes per class: 100, Image height: 640, Image width: 640)
[2026-03-10 16:21:39.979] [14325] [HailoRT] [info] [queue_elements.cpp:942] [create] Created (MultiPushQEl0YOLOV8-Post-Process | timeout: 10s)
[2026-03-10 16:21:39.979] [14325] [HailoRT] [info] [edge_elements.cpp:187] [create] Created (LastAsyncEl0NmsPPMuxEl0YOLOV8-Post-Process)
[2026-03-10 16:21:39.979] [14325] [HailoRT] [info] [pipeline.cpp:891] [print_deep_description] EntryPushQEl0yolov11n/input_layer1 | inputs: user | outputs: PreInferEl8yolov11n/input_layer1(running in thread_id: 14395)
[2026-03-10 16:21:39.979] [14325] [HailoRT] [info] [pipeline.cpp:891] [print_deep_description] PreInferEl8yolov11n/input_layer1 | inputs: EntryPushQEl0yolov11n/input_layer1[0] | outputs: PushQEl8yolov11n/input_layer1
[2026-03-10 16:21:39.979] [14325] [HailoRT] [info] [pipeline.cpp:891] [print_deep_description] PushQEl8yolov11n/input_layer1 | inputs: PreInferEl8yolov11n/input_layer1[0] | outputs: AsyncHwEl(running in thread_id: 14396)
[2026-03-10 16:21:39.979] [14325] [HailoRT] [info] [pipeline.cpp:891] [print_deep_description] AsyncHwEl | inputs: PushQEl8yolov11n/input_layer1[0] | outputs: MultiPushQEl0YOLOV8-Post-Process MultiPushQEl0YOLOV8-Post-Process MultiPushQEl0YOLOV8-Post-Process MultiPushQEl0YOLOV8-Post-Process MultiPushQEl0YOLOV8-Post-Process MultiPushQEl0YOLOV8-Post-Process
[2026-03-10 16:21:39.979] [14325] [HailoRT] [info] [pipeline.cpp:891] [print_deep_description] MultiPushQEl0YOLOV8-Post-Process | inputs: AsyncHwEl[0] AsyncHwEl[1] AsyncHwEl[2] AsyncHwEl[3] AsyncHwEl[4] AsyncHwEl[5] | outputs: NmsPPMuxEl0YOLOV8-Post-Process(running in thread_id: 14397)
[2026-03-10 16:21:39.979] [14325] [HailoRT] [info] [pipeline.cpp:891] [print_deep_description] NmsPPMuxEl0YOLOV8-Post-Process | inputs: MultiPushQEl0YOLOV8-Post-Process[0] | outputs: LastAsyncEl0NmsPPMuxEl0YOLOV8-Post-Process
[2026-03-10 16:21:39.979] [14325] [HailoRT] [info] [pipeline.cpp:891] [print_deep_description] LastAsyncEl0NmsPPMuxEl0YOLOV8-Post-Process | inputs: NmsPPMuxEl0YOLOV8-Post-Process[0] | outputs: user
[2026-03-10 16:21:40.333] [14387] [HailoRT] [info] [hef.cpp:1994] [get_network_group_and_network_name] No name was given. Addressing all networks of default network_group: yolov11n
[2026-03-10 16:23:40.634] [14325] [HailoRT] [info] [async_infer_runner.cpp:86] [shutdown] Pipeline was aborted. Shutting it down
[2026-03-10 16:23:40.635] [14325] [HailoRT] [info] [queue_elements.cpp:1131] [execute_deactivate] enqueue() in element MultiPushQEl0YOLOV8-Post-Process was aborted, got status = HAILO_SHUTDOWN_EVENT_SIGNALED(57)
[2026-03-10 16:23:40.635] [14325] [HailoRT] [info] [queue_elements.cpp:1131] [execute_deactivate] enqueue() in element MultiPushQEl0YOLOV8-Post-Process was aborted, got status = HAILO_SHUTDOWN_EVENT_SIGNALED(57)
[2026-03-10 16:23:40.635] [14325] [HailoRT] [info] [queue_elements.cpp:1131] [execute_deactivate] enqueue() in element MultiPushQEl0YOLOV8-Post-Process was aborted, got status = HAILO_SHUTDOWN_EVENT_SIGNALED(57)
[2026-03-10 16:23:40.635] [14325] [HailoRT] [info] [queue_elements.cpp:1131] [execute_deactivate] enqueue() in element MultiPushQEl0YOLOV8-Post-Process was aborted, got status = HAILO_SHUTDOWN_EVENT_SIGNALED(57)
[2026-03-10 16:23:40.635] [14325] [HailoRT] [info] [queue_elements.cpp:1131] [execute_deactivate] enqueue() in element MultiPushQEl0YOLOV8-Post-Process was aborted, got status = HAILO_SHUTDOWN_EVENT_SIGNALED(57)
[2026-03-10 16:23:40.635] [14325] [HailoRT] [info] [queue_elements.cpp:1131] [execute_deactivate] enqueue() in element MultiPushQEl0YOLOV8-Post-Process was aborted, got status = HAILO_SHUTDOWN_EVENT_SIGNALED(57)
[2026-03-10 16:23:40.635] [14325] [HailoRT] [info] [queue_elements.cpp:570] [execute_deactivate] enqueue() in element PushQEl8yolov11n/input_layer1 was aborted, got status = HAILO_SHUTDOWN_EVENT_SIGNALED(57)
[2026-03-10 16:23:40.635] [14325] [HailoRT] [info] [queue_elements.cpp:570] [execute_deactivate] enqueue() in element EntryPushQEl0yolov11n/input_layer1 was aborted, got status = HAILO_SHUTDOWN_EVENT_SIGNALED(57)
[2026-03-10 16:23:40.635] [14325] [HailoRT] [info] [queue_elements.cpp:46] [~BaseQueueElement] Queue element EntryPushQEl0yolov11n/input_layer1 has 0 frames in his Queue on destruction
[2026-03-10 16:23:40.635] [14325] [HailoRT] [info] [queue_elements.cpp:46] [~BaseQueueElement] Queue element PushQEl8yolov11n/input_layer1 has 0 frames in his Queue on destruction
[2026-03-10 16:24:21.122] [15405] [HailoRT] [info] [device.cpp:51] [Device] OS Version: Linux 6.12.62+rpt-rpi-2712 #1 SMP PREEMPT Debian 1:6.12.62-1+rpt1 (2025-12-18) aarch64
[2026-03-10 16:24:21.122] [15405] [HailoRT] [info] [control.cpp:113] [control__parse_identify_results] firmware_version is: 4.23.0
[2026-03-10 16:24:21.123] [15405] [HailoRT] [info] [control.cpp:113] [control__parse_identify_results] firmware_version is: 4.23.0
[2026-03-10 16:24:21.254] [15409] [HailoRT] [info] [device.cpp:51] [Device] OS Version: Linux 6.12.62+rpt-rpi-2712 #1 SMP PREEMPT Debian 1:6.12.62-1+rpt1 (2025-12-18) aarch64
[2026-03-10 16:24:21.254] [15409] [HailoRT] [info] [control.cpp:113] [control__parse_identify_results] firmware_version is: 4.23.0
[2026-03-10 16:24:21.255] [15409] [HailoRT] [info] [control.cpp:113] [control__parse_identify_results] firmware_version is: 4.23.0
[2026-03-10 16:24:21.327] [15378] [HailoRT] [info] [vdevice.cpp:535] [create] Creating vdevice with params: device_count: 1, scheduling_algorithm: ROUND_ROBIN, multi_process_service: false
[2026-03-10 16:24:21.338] [15378] [HailoRT] [info] [device.cpp:51] [Device] OS Version: Linux 6.12.62+rpt-rpi-2712 #1 SMP PREEMPT Debian 1:6.12.62-1+rpt1 (2025-12-18) aarch64
[2026-03-10 16:24:21.338] [15378] [HailoRT] [info] [control.cpp:113] [control__parse_identify_results] firmware_version is: 4.23.0
[2026-03-10 16:24:21.338] [15378] [HailoRT] [info] [vdevice.cpp:682] [create] VDevice Infos: 0001:01:00.0
[2026-03-10 16:24:21.343] [15378] [HailoRT] [info] [hef.cpp:1994] [get_network_group_and_network_name] No name was given. Addressing all networks of default network_group: yolov11n
[2026-03-10 16:24:21.343] [15378] [HailoRT] [info] [hef.cpp:1994] [get_network_group_and_network_name] No name was given. Addressing all networks of default network_group: yolov11n
[2026-03-10 16:24:21.414] [15378] [HailoRT] [info] [internal_buffer_manager.cpp:77] [print_execution_results] Planned internal buffer memory: CMA=0 CMA-Desc=327680 Pinned=2357760. memory to edge layer usage factor is 1
[2026-03-10 16:24:21.414] [15378] [HailoRT] [info] [internal_buffer_manager.cpp:86] [print_execution_results] Default Internal buffer planner executed successfully
[2026-03-10 16:24:21.437] [15378] [HailoRT] [info] [device_internal.cpp:57] [configure] Configuring HEF took 28.69154 milliseconds
[2026-03-10 16:24:21.437] [15378] [HailoRT] [info] [vdevice.cpp:780] [configure] Configuring HEF on VDevice took 29.053295 milliseconds
[2026-03-10 16:24:21.437] [15378] [HailoRT] [info] [infer_model.cpp:417] [configure] Configuring network group 'yolov11n' with params: batch size: 2, power mode: PERFORMANCE, latency: NONE
[2026-03-10 16:24:21.437] [15378] [HailoRT] [info] [multi_io_elements.cpp:754] [create] Created (AsyncHwEl)
[2026-03-10 16:24:21.437] [15378] [HailoRT] [info] [queue_elements.cpp:450] [create] Created (EntryPushQEl0yolov11n/input_layer1 | timeout: 10s)
[2026-03-10 16:24:21.437] [15378] [HailoRT] [info] [filter_elements.cpp:101] [create] Created (PreInferEl8yolov11n/input_layer1 | Reorder - src_order: RGB4, src_shape: (640, 640, 3), dst_order: NHCW, dst_shape: (640, 640, 3))
[2026-03-10 16:24:21.437] [15378] [HailoRT] [info] [queue_elements.cpp:450] [create] Created (PushQEl8yolov11n/input_layer1 | timeout: 10s)
[2026-03-10 16:24:21.437] [15378] [HailoRT] [info] [multi_io_elements.cpp:135] [create] Created (NmsPPMuxEl0YOLOV8-Post-Process | Op YOLOV8, Name: YOLOV8-Post-Process, Score threshold: 0.300, IoU threshold: 0.45, Classes: 80, Max bboxes per class: 100, Image height: 640, Image width: 640)
[2026-03-10 16:24:21.470] [15378] [HailoRT] [info] [queue_elements.cpp:942] [create] Created (MultiPushQEl0YOLOV8-Post-Process | timeout: 10s)
[2026-03-10 16:24:21.470] [15378] [HailoRT] [info] [edge_elements.cpp:187] [create] Created (LastAsyncEl0NmsPPMuxEl0YOLOV8-Post-Process)
[2026-03-10 16:24:21.470] [15378] [HailoRT] [info] [pipeline.cpp:891] [print_deep_description] EntryPushQEl0yolov11n/input_layer1 | inputs: user | outputs: PreInferEl8yolov11n/input_layer1(running in thread_id: 15442)
[2026-03-10 16:24:21.470] [15378] [HailoRT] [info] [pipeline.cpp:891] [print_deep_description] PreInferEl8yolov11n/input_layer1 | inputs: EntryPushQEl0yolov11n/input_layer1[0] | outputs: PushQEl8yolov11n/input_layer1
[2026-03-10 16:24:21.470] [15378] [HailoRT] [info] [pipeline.cpp:891] [print_deep_description] PushQEl8yolov11n/input_layer1 | inputs: PreInferEl8yolov11n/input_layer1[0] | outputs: AsyncHwEl(running in thread_id: 15443)
[2026-03-10 16:24:21.470] [15378] [HailoRT] [info] [pipeline.cpp:891] [print_deep_description] AsyncHwEl | inputs: PushQEl8yolov11n/input_layer1[0] | outputs: MultiPushQEl0YOLOV8-Post-Process MultiPushQEl0YOLOV8-Post-Process MultiPushQEl0YOLOV8-Post-Process MultiPushQEl0YOLOV8-Post-Process MultiPushQEl0YOLOV8-Post-Process MultiPushQEl0YOLOV8-Post-Process
[2026-03-10 16:24:21.470] [15378] [HailoRT] [info] [pipeline.cpp:891] [print_deep_description] MultiPushQEl0YOLOV8-Post-Process | inputs: AsyncHwEl[0] AsyncHwEl[1] AsyncHwEl[2] AsyncHwEl[3] AsyncHwEl[4] AsyncHwEl[5] | outputs: NmsPPMuxEl0YOLOV8-Post-Process(running in thread_id: 15444)
[2026-03-10 16:24:21.470] [15378] [HailoRT] [info] [pipeline.cpp:891] [print_deep_description] NmsPPMuxEl0YOLOV8-Post-Process | inputs: MultiPushQEl0YOLOV8-Post-Process[0] | outputs: LastAsyncEl0NmsPPMuxEl0YOLOV8-Post-Process
[2026-03-10 16:24:21.470] [15378] [HailoRT] [info] [pipeline.cpp:891] [print_deep_description] LastAsyncEl0NmsPPMuxEl0YOLOV8-Post-Process | inputs: NmsPPMuxEl0YOLOV8-Post-Process[0] | outputs: user
[2026-03-10 16:24:21.821] [15434] [HailoRT] [info] [hef.cpp:1994] [get_network_group_and_network_name] No name was given. Addressing all networks of default network_group: yolov11n
[2026-03-10 16:24:27.790] [15378] [HailoRT] [info] [async_infer_runner.cpp:86] [shutdown] Pipeline was aborted. Shutting it down
[2026-03-10 16:24:27.792] [15378] [HailoRT] [info] [queue_elements.cpp:1131] [execute_deactivate] enqueue() in element MultiPushQEl0YOLOV8-Post-Process was aborted, got status = HAILO_SHUTDOWN_EVENT_SIGNALED(57)
[2026-03-10 16:24:27.792] [15378] [HailoRT] [info] [queue_elements.cpp:1131] [execute_deactivate] enqueue() in element MultiPushQEl0YOLOV8-Post-Process was aborted, got status = HAILO_SHUTDOWN_EVENT_SIGNALED(57)
[2026-03-10 16:24:27.792] [15378] [HailoRT] [info] [queue_elements.cpp:1131] [execute_deactivate] enqueue() in element MultiPushQEl0YOLOV8-Post-Process was aborted, got status = HAILO_SHUTDOWN_EVENT_SIGNALED(57)
[2026-03-10 16:24:27.792] [15378] [HailoRT] [info] [queue_elements.cpp:1131] [execute_deactivate] enqueue() in element MultiPushQEl0YOLOV8-Post-Process was aborted, got status = HAILO_SHUTDOWN_EVENT_SIGNALED(57)
[2026-03-10 16:24:27.792] [15378] [HailoRT] [info] [queue_elements.cpp:1131] [execute_deactivate] enqueue() in element MultiPushQEl0YOLOV8-Post-Process was aborted, got status = HAILO_SHUTDOWN_EVENT_SIGNALED(57)
[2026-03-10 16:24:27.792] [15378] [HailoRT] [info] [queue_elements.cpp:1131] [execute_deactivate] enqueue() in element MultiPushQEl0YOLOV8-Post-Process was aborted, got status = HAILO_SHUTDOWN_EVENT_SIGNALED(57)
[2026-03-10 16:24:27.792] [15378] [HailoRT] [info] [queue_elements.cpp:570] [execute_deactivate] enqueue() in element PushQEl8yolov11n/input_layer1 was aborted, got status = HAILO_SHUTDOWN_EVENT_SIGNALED(57)
[2026-03-10 16:24:27.792] [15378] [HailoRT] [info] [queue_elements.cpp:570] [execute_deactivate] enqueue() in element EntryPushQEl0yolov11n/input_layer1 was aborted, got status = HAILO_SHUTDOWN_EVENT_SIGNALED(57)
[2026-03-10 16:24:27.792] [15378] [HailoRT] [info] [queue_elements.cpp:46] [~BaseQueueElement] Queue element EntryPushQEl0yolov11n/input_layer1 has 0 frames in his Queue on destruction
[2026-03-10 16:24:27.792] [15378] [HailoRT] [info] [queue_elements.cpp:46] [~BaseQueueElement] Queue element PushQEl8yolov11n/input_layer1 has 0 frames in his Queue on destruction
[2026-03-10 16:31:01.840] [15800] [HailoRT] [info] [device.cpp:51] [Device] OS Version: Linux 6.12.62+rpt-rpi-2712 #1 SMP PREEMPT Debian 1:6.12.62-1+rpt1 (2025-12-18) aarch64
[2026-03-10 16:31:01.842] [15800] [HailoRT] [info] [control.cpp:113] [control__parse_identify_results] firmware_version is: 4.23.0
[2026-03-10 16:31:01.842] [15800] [HailoRT] [info] [control.cpp:113] [control__parse_identify_results] firmware_version is: 4.23.0
[2026-03-10 16:31:01.974] [15810] [HailoRT] [info] [device.cpp:51] [Device] OS Version: Linux 6.12.62+rpt-rpi-2712 #1 SMP PREEMPT Debian 1:6.12.62-1+rpt1 (2025-12-18) aarch64
[2026-03-10 16:31:01.974] [15810] [HailoRT] [info] [control.cpp:113] [control__parse_identify_results] firmware_version is: 4.23.0
[2026-03-10 16:31:01.975] [15810] [HailoRT] [info] [control.cpp:113] [control__parse_identify_results] firmware_version is: 4.23.0
[2026-03-10 16:31:02.039] [15771] [HailoRT] [info] [vdevice.cpp:535] [create] Creating vdevice with params: device_count: 1, scheduling_algorithm: ROUND_ROBIN, multi_process_service: false
[2026-03-10 16:31:02.040] [15771] [HailoRT] [info] [device.cpp:51] [Device] OS Version: Linux 6.12.62+rpt-rpi-2712 #1 SMP PREEMPT Debian 1:6.12.62-1+rpt1 (2025-12-18) aarch64
[2026-03-10 16:31:02.040] [15771] [HailoRT] [info] [control.cpp:113] [control__parse_identify_results] firmware_version is: 4.23.0
[2026-03-10 16:31:02.040] [15771] [HailoRT] [info] [vdevice.cpp:682] [create] VDevice Infos: 0001:01:00.0
[2026-03-10 16:31:02.045] [15771] [HailoRT] [info] [hef.cpp:1994] [get_network_group_and_network_name] No name was given. Addressing all networks of default network_group: yolov11n
[2026-03-10 16:31:02.045] [15771] [HailoRT] [info] [hef.cpp:1994] [get_network_group_and_network_name] No name was given. Addressing all networks of default network_group: yolov11n
[2026-03-10 16:31:02.119] [15771] [HailoRT] [info] [internal_buffer_manager.cpp:77] [print_execution_results] Planned internal buffer memory: CMA=0 CMA-Desc=327680 Pinned=2357760. memory to edge layer usage factor is 1
[2026-03-10 16:31:02.119] [15771] [HailoRT] [info] [internal_buffer_manager.cpp:86] [print_execution_results] Default Internal buffer planner executed successfully
[2026-03-10 16:31:02.150] [15771] [HailoRT] [info] [device_internal.cpp:57] [configure] Configuring HEF took 38.342379 milliseconds
[2026-03-10 16:31:02.150] [15771] [HailoRT] [info] [vdevice.cpp:780] [configure] Configuring HEF on VDevice took 38.785488 milliseconds
[2026-03-10 16:31:02.150] [15771] [HailoRT] [info] [infer_model.cpp:417] [configure] Configuring network group 'yolov11n' with params: batch size: 2, power mode: PERFORMANCE, latency: NONE
[2026-03-10 16:31:02.151] [15771] [HailoRT] [info] [multi_io_elements.cpp:754] [create] Created (AsyncHwEl)
[2026-03-10 16:31:02.151] [15771] [HailoRT] [info] [queue_elements.cpp:450] [create] Created (EntryPushQEl0yolov11n/input_layer1 | timeout: 10s)
[2026-03-10 16:31:02.151] [15771] [HailoRT] [info] [filter_elements.cpp:101] [create] Created (PreInferEl8yolov11n/input_layer1 | Reorder - src_order: RGB4, src_shape: (640, 640, 3), dst_order: NHCW, dst_shape: (640, 640, 3))
[2026-03-10 16:31:02.152] [15771] [HailoRT] [info] [queue_elements.cpp:450] [create] Created (PushQEl8yolov11n/input_layer1 | timeout: 10s)
[2026-03-10 16:31:02.152] [15771] [HailoRT] [info] [multi_io_elements.cpp:135] [create] Created (NmsPPMuxEl0YOLOV8-Post-Process | Op YOLOV8, Name: YOLOV8-Post-Process, Score threshold: 0.300, IoU threshold: 0.45, Classes: 80, Max bboxes per class: 100, Image height: 640, Image width: 640)
[2026-03-10 16:31:02.186] [15771] [HailoRT] [info] [queue_elements.cpp:942] [create] Created (MultiPushQEl0YOLOV8-Post-Process | timeout: 10s)
[2026-03-10 16:31:02.186] [15771] [HailoRT] [info] [edge_elements.cpp:187] [create] Created (LastAsyncEl0NmsPPMuxEl0YOLOV8-Post-Process)
[2026-03-10 16:31:02.186] [15771] [HailoRT] [info] [pipeline.cpp:891] [print_deep_description] EntryPushQEl0yolov11n/input_layer1 | inputs: user | outputs: PreInferEl8yolov11n/input_layer1(running in thread_id: 15845)
[2026-03-10 16:31:02.186] [15771] [HailoRT] [info] [pipeline.cpp:891] [print_deep_description] PreInferEl8yolov11n/input_layer1 | inputs: EntryPushQEl0yolov11n/input_layer1[0] | outputs: PushQEl8yolov11n/input_layer1
[2026-03-10 16:31:02.186] [15771] [HailoRT] [info] [pipeline.cpp:891] [print_deep_description] PushQEl8yolov11n/input_layer1 | inputs: PreInferEl8yolov11n/input_layer1[0] | outputs: AsyncHwEl(running in thread_id: 15846)
[2026-03-10 16:31:02.186] [15771] [HailoRT] [info] [pipeline.cpp:891] [print_deep_description] AsyncHwEl | inputs: PushQEl8yolov11n/input_layer1[0] | outputs: MultiPushQEl0YOLOV8-Post-Process MultiPushQEl0YOLOV8-Post-Process MultiPushQEl0YOLOV8-Post-Process MultiPushQEl0YOLOV8-Post-Process MultiPushQEl0YOLOV8-Post-Process MultiPushQEl0YOLOV8-Post-Process
[2026-03-10 16:31:02.186] [15771] [HailoRT] [info] [pipeline.cpp:891] [print_deep_descripti[2026-03-10 16:31:02.040] [15772] [HailoRT] [info] [device.cpp:51] [Device] OS Version: Linux 6.12.62+rpt-rpi-2712 #1 SMP PREEMPT Debian 1:6.12.62-1+rpt1 (2025-12-18) aarch64
[2026-03-10 16:31:02.040] [15772] [HailoRT] [info] [control.cpp:113] [control__parse_identify_results] firmware_version is: 4.23.0
[2026-03-10 16:31:02.041] [15772] [HailoRT] [info] [control.cpp:113] [control__parse_identify_results] firmware_version is: 4.23.0
on] MultiPushQEl0YOLOV8-Post-Process | inputs: AsyncHwEl[0] AsyncHwEl[1] AsyncHwEl[2] AsyncHwEl[3] AsyncHwEl[4] AsyncHwEl[5] | outputs: NmsPPMuxEl0YOLOV8-Post-Process(running in thread_id: 15847)
[2026-03-10 16:31:02.186] [15771] [HailoRT] [info] [pipeline.cpp:891] [print_deep_description] NmsPPMuxEl0YOLOV8-Post-Process | inputs: MultiPushQEl0YOLOV8-Post-Process[0] | outputs: LastAsyncEl0NmsPPMuxEl0YOLOV8-Post-Process
[2026-03-10 16:31:02.186] [15771] [HailoRT] [info] [pipeline.cpp:891] [print_deep_description] LastAsyncEl0NmsPPMuxEl0YOLOV8-Post-Process | inputs: NmsPPMuxEl0YOLOV8-Post-Process[0] | outputs: user
[2026-03-10 16:31:02.523] [15837] [HailoRT] [info] [hef.cpp:1994] [get_network_group_and_network_name] No name was given. Addressing all networks of default network_group: yolov11n
[2026-03-10 16:48:17.244] [16576] [HailoRT] [info] [device.cpp:51] [Device] OS Version: Linux 6.12.62+rpt-rpi-2712 #1 SMP PREEMPT Debian 1:6.12.62-1+rpt1 (2025-12-18) aarch64
[2026-03-10 16:48:17.246] [16576] [HailoRT] [info] [control.cpp:113] [control__parse_identify_results] firmware_version is: 4.23.0
[2026-03-10 16:48:17.247] [16576] [HailoRT] [info] [control.cpp:113] [control__parse_identify_results] firmware_version is: 4.23.0
[2026-03-10 16:48:17.460] [16587] [HailoRT] [info] [device.cpp:51] [Device] OS Version: Linux 6.12.62+rpt-rpi-2712 #1 SMP PREEMPT Debian 1:6.12.62-1+rpt1 (2025-12-18) aarch64
[2026-03-10 16:48:17.461] [16587] [HailoRT] [info] [control.cpp:113] [control__parse_identify_results] firmware_version is: 4.23.0
[2026-03-10 16:48:17.461] [16587] [HailoRT] [info] [control.cpp:113] [control__parse_identify_results] firmware_version is: 4.23.0
[2026-03-10 16:48:17.523] [16542] [HailoRT] [info] [vdevice.cpp:535] [create] Creating vdevice with params: device_count: 1, scheduling_algorithm: ROUND_ROBIN, multi_process_service: false
[2026-03-10 16:48:17.524] [16542] [HailoRT] [info] [device.cpp:51] [Device] OS Version: Linux 6.12.62+rpt-rpi-2712 #1 SMP PREEMPT Debian 1:6.12.62-1+rpt1 (2025-12-18) aarch64
[2026-03-10 16:48:17.524] [16542] [HailoRT] [info] [control.cpp:113] [control__parse_identify_results] firmware_version is: 4.23.0
[2026-03-10 16:48:17.524] [16542] [HailoRT] [info] [vdevice.cpp:682] [create] VDevice Infos: 0001:01:00.0
[2026-03-10 16:48:17.529] [16542] [HailoRT] [info] [hef.cpp:1994] [get_network_group_and_network_name] No name was given. Addressing all networks of default network_group: yolov11n
[2026-03-10 16:48:17.529] [16542] [HailoRT] [info] [hef.cpp:1994] [get_network_group_and_network_name] No name was given. Addressing all networks of default network_group: yolov11n
[2026-03-10 16:48:17.602] [16542] [HailoRT] [info] [internal_buffer_manager.cpp:77] [print_execution_results] Planned internal buffer memory: CMA=0 CMA-Desc=327680 Pinned=2357760. memory to edge layer usage factor is 1
[2026-03-10 16:48:17.602] [16542] [HailoRT] [info] [internal_buffer_manager.cpp:86] [print_execution_results] Default Internal buffer planner executed successfully
[2026-03-10 16:48:17.622] [16542] [HailoRT] [info] [device_internal.cpp:57] [configure] Configuring HEF took 27.862663 milliseconds
[2026-03-10 16:48:17.623] [16542] [HailoRT] [info] [vdevice.cpp:780] [configure] Configuring HEF on VDevice took 28.386478 milliseconds
[2026-03-10 16:48:17.623] [16542] [HailoRT] [info] [infer_model.cpp:417] [configure] Configuring network group 'yolov11n' with params: batch size: 2, power mode: PERFORMANCE, latency: NONE
[2026-03-10 16:48:17.623] [16542] [HailoRT] [info] [multi_io_elements.cpp:754] [create] Created (AsyncHwEl)
[2026-03-10 16:48:17.623] [16542] [HailoRT] [info] [queue_elements.cpp:450] [create] Created (EntryPushQEl0yolov11n/input_layer1 | timeout: 10s)
[2026-03-10 16:48:17.623] [16542] [HailoRT] [info] [filter_elements.cpp:101] [create] Created (PreInferEl8yolov11n/input_layer1 | Reorder - src_order: RGB4, src_shape: (640, 640, 3), dst_order: NHCW, dst_shape: (640, 640, 3))
[2026-03-10 16:48:17.623] [16542] [HailoRT] [info] [queue_elements.cpp:450] [create] Created (PushQEl8yolov11n/input_layer1 | timeout: 10s)
[2026-03-10 16:48:17.623] [16542] [HailoRT] [info] [multi_io_elements.cpp:135] [create] Created (NmsPPMuxEl0YOLOV8-Post-Process | Op YOLOV8, Name: YOLOV8-Post-Process, Score threshold: 0.300, IoU threshold: 0.45, Classes: 80, Max bboxes per class: 100, Image height: 640, Image width: 640)
[2026-03-10 16:48:17.642] [16542] [HailoRT] [info] [queue_elements.cpp:942] [create] Created (MultiPushQEl0YOLOV8-Post-Process | timeout: 10s)
[2026-03-10 16:48:17.642] [16542] [HailoRT] [info] [edge_elements.cpp:187] [create] Created (LastAsyncEl0NmsPPMuxEl0YOLOV8-Post-Process)
[2026-03-10 16:48:17.642] [16542] [HailoRT] [info] [pipeline.cpp:891] [print_deep_description] EntryPushQEl0yolov11n/input_layer1 | inputs: user | outputs: PreInferEl8yolov11n/input_layer1(running in thread_id: 16621)
[2026-03-10 16:48:17.642] [16542] [HailoRT] [info] [pipeline.cpp:891] [print_deep_description] PreInferEl8yolov11n/input_layer1 | inputs: EntryPushQEl0yolov11n/input_layer1[0] | outputs: PushQEl8yolov11n/input_layer1
[2026-03-10 16:48:17.642] [16542] [HailoRT] [info] [pipeline.cpp:891] [print_deep_description] PushQEl8yolov11n/input_layer1 | inputs: PreInferEl8yolov11n/input_layer1[0] | outputs: AsyncHwEl(running in thread_id: 16622)
[2026-03-10 16:48:17.642] [16542] [HailoRT] [info] [pipeline.cpp:891] [print_deep_description] AsyncHwEl | inputs: PushQEl8yolov11n/input_layer1[0] | outputs: MultiPushQEl0YOLOV8-Post-Process MultiPushQEl0YOLOV8-Post-Process MultiPushQEl0YOLOV8-Post-Process MultiPushQEl0YOLOV8-Post-Process MultiPushQEl0YOLOV8-Post-Process MultiPushQEl0YOLOV8-Post-Process
[2026-03-10 16:48:17.642] [16542] [HailoRT] [info] [pipeline.cpp:891] [print_deep_descripti[2026-03-10 16:48:17.433] [16543] [HailoRT] [info] [device.cpp:51] [Device] OS Version: Linux 6.12.62+rpt-rpi-2712 #1 SMP PREEMPT Debian 1:6.12.62-1+rpt1 (2025-12-18) aarch64
[2026-03-10 16:48:17.433] [16543] [HailoRT] [info] [control.cpp:113] [control__parse_identify_results] firmware_version is: 4.23.0
[2026-03-10 16:48:17.433] [16543] [HailoRT] [info] [control.cpp:113] [control__parse_identify_results] firmware_version is: 4.23.0
on] MultiPushQEl0YOLOV8-Post-Process | inputs: AsyncHwEl[0] AsyncHwEl[1] AsyncHwEl[2] AsyncHwEl[3] AsyncHwEl[4] AsyncHwEl[5] | outputs: NmsPPMuxEl0YOLOV8-Post-Process(running in thread_id: 16623)
[2026-03-10 16:48:17.642] [16542] [HailoRT] [info] [pipeline.cpp:891] [print_deep_description] NmsPPMuxEl0YOLOV8-Post-Process | inputs: MultiPushQEl0YOLOV8-Post-Process[0] | outputs: LastAsyncEl0NmsPPMuxEl0YOLOV8-Post-Process
[2026-03-10 16:48:17.642] [16542] [HailoRT] [info] [pipeline.cpp:891] [print_deep_description] LastAsyncEl0NmsPPMuxEl0YOLOV8-Post-Process | inputs: NmsPPMuxEl0YOLOV8-Post-Process[0] | outputs: user
[2026-03-10 16:48:18.018] [16613] [HailoRT] [info] [hef.cpp:1994] [get_network_group_and_network_name] No name was given. Addressing all networks of default network_group: yolov11n
[2026-03-10 17:00:37.702] [22535] [HailoRT] [info] [device.cpp:51] [Device] OS Version: Linux 6.12.62+rpt-rpi-2712 #1 SMP PREEMPT Debian 1:6.12.62-1+rpt1 (2025-12-18) aarch64
[2026-03-10 17:00:37.703] [22535] [HailoRT] [info] [control.cpp:113] [control__parse_identify_results] firmware_version is: 4.23.0
[2026-03-10 17:00:37.703] [22535] [HailoRT] [info] [control.cpp:113] [control__parse_identify_results] firmware_version is: 4.23.0
[2026-03-10 17:00:37.836] [22542] [HailoRT] [info] [device.cpp:51] [Device] OS Version: Linux 6.12.62+rpt-rpi-2712 #1 SMP PREEMPT Debian 1:6.12.62-1+rpt1 (2025-12-18) aarch64
[2026-03-10 17:00:37.836] [22542] [HailoRT] [info] [control.cpp:113] [control__parse_identify_results] firmware_version is: 4.23.0
[2026-03-10 17:00:37.836] [22542] [HailoRT] [info] [control.cpp:113] [control__parse_identify_results] firmware_version is: 4.23.0
[2026-03-10 17:00:37.882] [22484] [HailoRT] [info] [vdevice.cpp:535] [create] Creating vdevice with params: device_count: 1, scheduling_algorithm: ROUND_ROBIN, multi_process_service: false
[2026-03-10 17:00:37.883] [22484] [HailoRT] [info] [device.cpp:51] [Device] OS Version: Linux 6.12.62+rpt-rpi-2712 #1 SMP PREEMPT Debian 1:6.12.62-1+rpt1 (2025-12-18) aarch64
[2026-03-10 17:00:37.883] [22484] [HailoRT] [info] [control.cpp:113] [control__parse_identify_results] firmware_version is: 4.23.0
[2026-03-10 17:00:37.883] [22484] [HailoRT] [info] [vdevice.cpp:682] [create] VDevice Infos: 0001:01:00.0
[2026-03-10 17:00:37.887] [22484] [HailoRT] [info] [hef.cpp:1994] [get_network_group_and_network_name] No name was given. Addressing all networks of default network_group: yolov11n
[2026-03-10 17:00:37.887] [22484] [HailoRT] [info] [hef.cpp:1994] [get_network_group_and_network_name] No name was given. Addressing all networks of default network_group: yolov11n
[2026-03-10 17:00:37.971] [22484] [HailoRT] [info] [internal_buffer_manager.cpp:77] [print_execution_results] Planned internal buffer memory: CMA=0 CMA-Desc=327680 Pinned=2357760. memory to edge layer usage factor is 1
[2026-03-10 17:00:37.971] [22484] [HailoRT] [info] [internal_buffer_manager.cpp:86] [print_execution_results] Default Internal buffer planner executed successfully
[2026-03-10 17:00:38.000] [22484] [HailoRT] [info] [device_internal.cpp:57] [configure] Configuring HEF took 36.172346 milliseconds
[2026-03-10 17:00:38.000] [22484] [HailoRT] [info] [vdevice.cpp:780] [configure] Configuring HEF on VDevice took 36.570526 milliseconds
[2026-03-10 17:00:38.000] [22484] [HailoRT] [info] [infer_model.cpp:417] [configure] Configuring network group 'yolov11n' with params: batch size: 2, power mode: PERFORMANCE, latency: NONE
[2026-03-10 17:00:38.000] [22484] [HailoRT] [info] [multi_io_elements.cpp:754] [create] Created (AsyncHwEl)
[2026-03-10 17:00:38.000] [22484] [HailoRT] [info] [queue_elements.cpp:450] [create] Created (EntryPushQEl0yolov11n/input_layer1 | timeout: 10s)
[2026-03-10 17:00:38.000] [22484] [HailoRT] [info] [filter_elements.cpp:101] [create] Created (PreInferEl8yolov11n/input_layer1 | Reorder - src_order: RGB4, src_shape: (640, 640, 3), dst_order: NHCW, dst_shape: (640, 640, 3))
[2026-03-10 17:00:38.000] [22484] [HailoRT] [info] [queue_elements.cpp:450] [create] Created (PushQEl8yolov11n/input_layer1 | timeout: 10s)
[2026-03-10 17:00:38.000] [22484] [HailoRT] [info] [multi_io_elements.cpp:135] [create] Created (NmsPPMuxEl0YOLOV8-Post-Process | Op YOLOV8, Name: YOLOV8-Post-Process, Score threshold: 0.300, IoU threshold: 0.45, Classes: 80, Max bboxes per class: 100, Image height: 640, Image width: 640)
[2026-03-10 17:00:38.026] [22484] [HailoRT] [info] [queue_elements.cpp:942] [create] Created (MultiPushQEl0YOLOV8-Post-Process | timeout: 10s)
[2026-03-10 17:00:38.026] [22484] [HailoRT] [info] [edge_elements.cpp:187] [create] Created (LastAsyncEl0NmsPPMuxEl0YOLOV8-Post-Process)
[2026-03-10 17:00:38.026] [22484] [HailoRT] [info] [pipeline.cpp:891] [print_deep_description] EntryPushQEl0yolov11n/input_layer1 | inputs: user | outputs: PreInferEl8yolov11n/input_layer1(running in thread_id: 22575)
[2026-03-10 17:00:38.026] [22484] [HailoRT] [info] [pipeline.cpp:891] [print_deep_description] PreInferEl8yolov11n/input_layer1 | inputs: EntryPushQEl0yolov11n/input_layer1[0] | outputs: PushQEl8yolov11n/input_layer1
[2026-03-10 17:00:38.026] [22484] [HailoRT] [info] [pipeline.cpp:891] [print_deep_description] PushQEl8yolov11n/input_layer1 | inputs: PreInferEl8yolov11n/input_layer1[0] | outputs: AsyncHwEl(running in thread_id: 22576)
[2026-03-10 17:00:38.026] [22484] [HailoRT] [info] [pipeline.cpp:891] [print_deep_description] AsyncHwEl | inputs: PushQEl8yolov11n/input_layer1[0] | outputs: MultiPushQEl0YOLOV8-Post-Process MultiPushQEl0YOLOV8-Post-Process MultiPushQEl0YOLOV8-Post-Process MultiPushQEl0YOLOV8-Post-Process MultiPushQEl0YOLOV8-Post-Process MultiPushQEl0YOLOV8-Post-Process
[2026-03-10 17:00:38.026] [22484] [HailoRT] [info] [pipeline.cpp:891] [print_deep_descripti[2026-03-10 17:00:37.758] [22483] [HailoRT] [info] [device.cpp:51] [Device] OS Version: Linux 6.12.62+rpt-rpi-2712 #1 SMP PREEMPT Debian 1:6.12.62-1+rpt1 (2025-12-18) aarch64
[2026-03-10 17:00:37.758] [22483] [HailoRT] [info] [control.cpp:113] [control__parse_identify_results] firmware_version is: 4.23.0
[2026-03-10 17:00:37.759] [22483] [HailoRT] [info] [control.cpp:113] [control__parse_identify_results] firmware_version is: 4.23.0
on] MultiPushQEl0YOLOV8-Post-Process | inputs: AsyncHwEl[0] AsyncHwEl[1] AsyncHwEl[2] AsyncHwEl[3] AsyncHwEl[4] AsyncHwEl[5] | outputs: NmsPPMuxEl0YOLOV8-Post-Process(running in thread_id: 22577)
[2026-03-10 17:00:38.026] [22484] [HailoRT] [info] [pipeline.cpp:891] [print_deep_description] NmsPPMuxEl0YOLOV8-Post-Process | inputs: MultiPushQEl0YOLOV8-Post-Process[0] | outputs: LastAsyncEl0NmsPPMuxEl0YOLOV8-Post-Process
[2026-03-10 17:00:38.026] [22484] [HailoRT] [info] [pipeline.cpp:891] [print_deep_description] LastAsyncEl0NmsPPMuxEl0YOLOV8-Post-Process | inputs: NmsPPMuxEl0YOLOV8-Post-Process[0] | outputs: user
[2026-03-10 17:00:38.371] [22567] [HailoRT] [info] [hef.cpp:1994] [get_network_group_and_network_name] No name was given. Addressing all networks of default network_group: yolov11n
[2026-03-10 17:27:02.014] [35305] [HailoRT] [info] [device.cpp:51] [Device] OS Version: Linux 6.12.62+rpt-rpi-2712 #1 SMP PREEMPT Debian 1:6.12.62-1+rpt1 (2025-12-18) aarch64
[2026-03-10 17:27:02.014] [35305] [HailoRT] [info] [control.cpp:113] [control__parse_identify_results] firmware_version is: 4.23.0
[2026-03-10 17:27:02.014] [35305] [HailoRT] [info] [control.cpp:113] [control__parse_identify_results] firmware_version is: 4.23.0
[2026-03-10 17:28:09.973] [36041] [HailoRT] [info] [device.cpp:51] [Device] OS Version: Linux 6.12.62+rpt-rpi-2712 #1 SMP PREEMPT Debian 1:6.12.62-1+rpt1 (2025-12-18) aarch64
[2026-03-10 17:28:09.973] [36041] [HailoRT] [info] [control.cpp:113] [control__parse_identify_results] firmware_version is: 4.23.0
[2026-03-10 17:28:09.973] [36041] [HailoRT] [info] [control.cpp:113] [control__parse_identify_results] firmware_version is: 4.23.0
[2026-03-10 17:37:26.885] [40604] [HailoRT] [info] [device.cpp:51] [Device] OS Version: Linux 6.12.62+rpt-rpi-2712 #1 SMP PREEMPT Debian 1:6.12.62-1+rpt1 (2025-12-18) aarch64
[2026-03-10 17:37:26.885] [40604] [HailoRT] [info] [control.cpp:113] [control__parse_identify_results] firmware_version is: 4.23.0
[2026-03-10 17:37:26.885] [40604] [HailoRT] [info] [control.cpp:113] [control__parse_identify_results] firmware_version is: 4.23.0
[2026-03-10 17:43:27.211] [44077] [HailoRT] [info] [device.cpp:51] [Device] OS Version: Linux 6.12.62+rpt-rpi-2712 #1 SMP PREEMPT Debian 1:6.12.62-1+rpt1 (2025-12-18) aarch64
[2026-03-10 17:43:27.212] [44077] [HailoRT] [info] [control.cpp:113] [control__parse_identify_results] firmware_version is: 4.23.0
[2026-03-10 17:43:27.212] [44077] [HailoRT] [info] [control.cpp:113] [control__parse_identify_results] firmware_version is: 4.23.0
[2026-03-10 17:50:50.422] [47587] [HailoRT] [info] [device.cpp:51] [Device] OS Version: Linux 6.12.62+rpt-rpi-2712 #1 SMP PREEMPT Debian 1:6.12.62-1+rpt1 (2025-12-18) aarch64
[2026-03-10 17:50:50.423] [47587] [HailoRT] [info] [control.cpp:113] [control__parse_identify_results] firmware_version is: 4.23.0
[2026-03-10 17:50:50.423] [47587] [HailoRT] [info] [control.cpp:113] [control__parse_identify_results] firmware_version is: 4.23.0
[2026-03-10 17:50:50.531] [47592] [HailoRT] [info] [device.cpp:51] [Device] OS Version: Linux 6.12.62+rpt-rpi-2712 #1 SMP PREEMPT Debian 1:6.12.62-1+rpt1 (2025-12-18) aarch64
[2026-03-10 17:50:50.531] [47592] [HailoRT] [info] [control.cpp:113] [control__parse_identify_results] firmware_version is: 4.23.0
[2026-03-10 17:50:50.531] [47592] [HailoRT] [info] [control.cpp:113] [control__parse_identify_results] firmware_version is: 4.23.0
[2026-03-10 17:50:50.583] [47534] [HailoRT] [info] [vdevice.cpp:535] [create] Creating vdevice with params: device_count: 1, scheduling_algorithm: ROUND_ROBIN, multi_process_service: false
[2026-03-10 17:50:50.584] [47534] [HailoRT] [info] [device.cpp:51] [Device] OS Version: Linux 6.12.62+rpt-rpi-2712 #1 SMP PREEMPT Debian 1:6.12.62-1+rpt1 (2025-12-18) aarch64
[2026-03-10 17:50:50.584] [47534] [HailoRT] [info] [control.cpp:113] [control__parse_identify_results] firmware_version is: 4.23.0
[2026-03-10 17:50:50.584] [47534] [HailoRT] [info] [vdevice.cpp:682] [create] VDevice Infos: 0001:01:00.0
[2026-03-10 17:50:50.591] [47534] [HailoRT] [info] [hef.cpp:1994] [get_network_group_and_network_name] No name was given. Addressing all networks of default network_group: yolov11n
[2026-03-10 17:50:50.591] [47534] [HailoRT] [info] [hef.cpp:1994] [get_network_group_and_network_name] No name was given. Addressing all networks of default network_group: yolov11n
[2026-03-10 17:50:50.636] [47534] [HailoRT] [info] [internal_buffer_manager.cpp:77] [print_execution_results] Planned internal buffer memory: CMA=0 CMA-Desc=327680 Pinned=2357760. memory to edge layer usage factor is 1
[2026-03-10 17:50:50.636] [47534] [HailoRT] [info] [internal_buffer_manager.cpp:86] [print_execution_results] Default Internal buffer planner executed successfully
[2026-03-10 17:50:50.663] [47534] [HailoRT] [info] [device_internal.cpp:57] [configure] Configuring HEF took 33.55707 milliseconds
[2026-03-10 17:50:50.664] [47534] [HailoRT] [info] [vdevice.cpp:780] [configure] Configuring HEF on VDevice took 36.877927 milliseconds
[2026-03-10 17:50:50.664] [47534] [HailoRT] [info] [infer_model.cpp:417] [configure] Configuring network group 'yolov11n' with params: batch size: 2, power mode: PERFORMANCE, latency: NONE
[2026-03-10 17:50:50.664] [47534] [HailoRT] [info] [multi_io_elements.cpp:754] [create] Created (AsyncHwEl)
[2026-03-10 17:50:50.664] [47534] [HailoRT] [info] [queue_elements.cpp:450] [create] Created (EntryPushQEl0yolov11n/input_layer1 | timeout: 10s)
[2026-03-10 17:50:50.664] [47534] [HailoRT] [info] [filter_elements.cpp:101] [create] Created (PreInferEl8yolov11n/input_layer1 | Reorder - src_order: RGB4, src_shape: (640, 640, 3), dst_order: NHCW, dst_shape: (640, 640, 3))
[2026-03-10 17:50:50.664] [47534] [HailoRT] [info] [queue_elements.cpp:450] [create] Created (PushQEl8yolov11n/input_layer1 | timeout: 10s)
[2026-03-10 17:50:50.664] [47534] [HailoRT] [info] [multi_io_elements.cpp:135] [create] Created (NmsPPMuxEl0YOLOV8-Post-Process | Op YOLOV8, Name: YOLOV8-Post-Process, Score threshold: 0.300, IoU threshold: 0.45, Classes: 80, Max bboxes per class: 100, Image height: 640, Image width: 640)
[2026-03-10 17:50:50.682] [47534] [HailoRT] [info] [queue_elements.cpp:942] [create] Created (MultiPushQEl0YOLOV8-Post-Process | timeout: 10s)
[2026-03-10 17:50:50.682] [47534] [HailoRT] [info] [edge_elements.cpp:187] [create] Created (LastAsyncEl0NmsPPMuxEl0YOLOV8-Post-Process)
[2026-03-10 17:50:50.682] [47534] [HailoRT] [info] [pipeline.cpp:891] [print_deep_description] EntryPushQEl0yolov11n/input_layer1 | inputs: user | outputs: PreInferEl8yolov11n/input_layer1(running in thread_id: 47625)
[2026-03-10 17:50:50.682] [47534] [HailoRT] [info] [pipeline.cpp:891] [print_deep_description] PreInferEl8yolov11n/input_layer1 | inputs: EntryPushQEl0yolov11n/input_layer1[0] | outputs: PushQEl8yolov11n/input_layer1
[2026-03-10 17:50:50.682] [47534] [HailoRT] [info] [pipeline.cpp:891] [print_deep_description] PushQEl8yolov11n/input_layer1 | inputs: PreInferEl8yolov11n/input_layer1[0] | outputs: AsyncHwEl(running in thread_id: 47626)
[2026-03-10 17:50:50.682] [47534] [HailoRT] [info] [pipeline.cpp:891] [print_deep_description] AsyncHwEl | inputs: PushQEl8yolov11n/input_layer1[0] | outputs: MultiPushQEl0YOLOV8-Post-Process MultiPushQEl0YOLOV8-Post-Process MultiPushQEl0YOLOV8-Post-Process MultiPushQEl0YOLOV8-Post-Process MultiPushQEl0YOLOV8-Post-Process MultiPushQEl0YOLOV8-Post-Process
[2026-03-10 17:50:50.682] [47534] [HailoRT] [info] [pipeline.cpp:891] [print_deep_descriptio[2026-03-10 17:50:50.402] [47533] [HailoRT] [info] [device.cpp:51] [Device] OS Version: Linux 6.12.62+rpt-rpi-2712 #1 SMP PREEMPT Debian 1:6.12.62-1+rpt1 (2025-12-18) aarch64
[2026-03-10 17:50:50.402] [47533] [HailoRT] [info] [control.cpp:113] [control__parse_identify_results] firmware_version is: 4.23.0
[2026-03-10 17:50:50.402] [47533] [HailoRT] [info] [control.cpp:113] [control__parse_identify_results] firmware_version is: 4.23.0
n] MultiPushQEl0YOLOV8-Post-Process | inputs: AsyncHwEl[0] AsyncHwEl[1] AsyncHwEl[2] AsyncHwEl[3] AsyncHwEl[4] AsyncHwEl[5] | outputs: NmsPPMuxEl0YOLOV8-Post-Process(running in thread_id: 47627)
[2026-03-10 17:50:50.682] [47534] [HailoRT] [info] [pipeline.cpp:891] [print_deep_description] NmsPPMuxEl0YOLOV8-Post-Process | inputs: MultiPushQEl0YOLOV8-Post-Process[0] | outputs: LastAsyncEl0NmsPPMuxEl0YOLOV8-Post-Process
[2026-03-10 17:50:50.682] [47534] [HailoRT] [info] [pipeline.cpp:891] [print_deep_description] LastAsyncEl0NmsPPMuxEl0YOLOV8-Post-Process | inputs: NmsPPMuxEl0YOLOV8-Post-Process[0] | outputs: user
[2026-03-10 17:50:51.093] [47612] [HailoRT] [info] [hef.cpp:1994] [get_network_group_and_network_name] No name was given. Addressing all networks of default network_group: yolov11n
[2026-03-10 17:50:56.297] [47534] [HailoRT] [info] [async_infer_runner.cpp:86] [shutdown] Pipeline was aborted. Shutting it down
[2026-03-10 17:50:56.298] [47534] [HailoRT] [info] [queue_elements.cpp:1131] [execute_deactivate] enqueue() in element MultiPushQEl0YOLOV8-Post-Process was aborted, got status = HAILO_SHUTDOWN_EVENT_SIGNALED(57)
[2026-03-10 17:50:56.298] [47534] [HailoRT] [info] [queue_elements.cpp:1131] [execute_deactivate] enqueue() in element MultiPushQEl0YOLOV8-Post-Process was aborted, got status = HAILO_SHUTDOWN_EVENT_SIGNALED(57)
[2026-03-10 17:50:56.298] [47534] [HailoRT] [info] [queue_elements.cpp:1131] [execute_deactivate] enqueue() in element MultiPushQEl0YOLOV8-Post-Process was aborted, got status = HAILO_SHUTDOWN_EVENT_SIGNALED(57)
[2026-03-10 17:50:56.298] [47534] [HailoRT] [info] [queue_elements.cpp:1131] [execute_deactivate] enqueue() in element MultiPushQEl0YOLOV8-Post-Process was aborted, got status = HAILO_SHUTDOWN_EVENT_SIGNALED(57)
[2026-03-10 17:50:56.298] [47534] [HailoRT] [info] [queue_elements.cpp:1131] [execute_deactivate] enqueue() in element MultiPushQEl0YOLOV8-Post-Process was aborted, got status = HAILO_SHUTDOWN_EVENT_SIGNALED(57)
[2026-03-10 17:50:56.298] [47534] [HailoRT] [info] [queue_elements.cpp:1131] [execute_deactivate] enqueue() in element MultiPushQEl0YOLOV8-Post-Process was aborted, got status = HAILO_SHUTDOWN_EVENT_SIGNALED(57)
[2026-03-10 17:50:56.298] [47534] [HailoRT] [info] [queue_elements.cpp:570] [execute_deactivate] enqueue() in element PushQEl8yolov11n/input_layer1 was aborted, got status = HAILO_SHUTDOWN_EVENT_SIGNALED(57)
[2026-03-10 17:50:56.298] [47534] [HailoRT] [info] [queue_elements.cpp:570] [execute_deactivate] enqueue() in element EntryPushQEl0yolov11n/input_layer1 was aborted, got status = HAILO_SHUTDOWN_EVENT_SIGNALED(57)
[2026-03-10 17:50:56.298] [47534] [HailoRT] [info] [queue_elements.cpp:46] [~BaseQueueElement] Queue element EntryPushQEl0yolov11n/input_layer1 has 0 frames in his Queue on destruction
[2026-03-10 17:50:56.298] [47534] [HailoRT] [info] [queue_elements.cpp:46] [~BaseQueueElement] Queue element PushQEl8yolov11n/input_layer1 has 0 frames in his Queue on destruction
[2026-03-10 19:09:00.924] [8859] [HailoRT] [info] [device.cpp:51] [Device] OS Version: Linux 6.12.62+rpt-rpi-2712 #1 SMP PREEMPT Debian 1:6.12.62-1+rpt1 (2025-12-18) aarch64
[2026-03-10 19:09:00.924] [8859] [HailoRT] [info] [control.cpp:113] [control__parse_identify_results] firmware_version is: 4.23.0
[2026-03-10 19:09:00.924] [8859] [HailoRT] [info] [control.cpp:113] [control__parse_identify_results] firmware_version is: 4.23.0
[2026-03-10 19:09:01.233] [8865] [HailoRT] [info] [device.cpp:51] [Device] OS Version: Linux 6.12.62+rpt-rpi-2712 #1 SMP PREEMPT Debian 1:6.12.62-1+rpt1 (2025-12-18) aarch64
[2026-03-10 19:09:01.233] [8865] [HailoRT] [info] [control.cpp:113] [control__parse_identify_results] firmware_version is: 4.23.0
[2026-03-10 19:09:01.233] [8865] [HailoRT] [info] [control.cpp:113] [control__parse_identify_results] firmware_version is: 4.23.0
[2026-03-10 19:09:01.317] [8801] [HailoRT] [info] [vdevice.cpp:535] [create] Creating vdevice with params: device_count: 1, scheduling_algorithm: ROUND_ROBIN, multi_process_service: false
[2026-03-10 19:09:01.318] [8801] [HailoRT] [info] [device.cpp:51] [Device] OS Version: Linux 6.12.62+rpt-rpi-2712 #1 SMP PREEMPT Debian 1:6.12.62-1+rpt1 (2025-12-18) aarch64
[2026-03-10 19:09:01.318] [8801] [HailoRT] [info] [control.cpp:113] [control__parse_identify_results] firmware_version is: 4.23.0
[2026-03-10 19:09:01.320] [8801] [HailoRT] [info] [vdevice.cpp:682] [create] VDevice Infos: 0001:01:00.0
[2026-03-10 19:09:01.424] [8801] [HailoRT] [info] [hef.cpp:1994] [get_network_group_and_network_name] No name was given. Addressing all networks of default network_group: yolov11n
[2026-03-10 19:09:01.424] [8801] [HailoRT] [info] [hef.cpp:1994] [get_network_group_and_network_name] No name was given. Addressing all networks of default network_group: yolov11n
[2026-03-10 19:09:01.514] [8801] [HailoRT] [info] [internal_buffer_manager.cpp:77] [print_execution_results] Planned internal buffer memory: CMA=0 CMA-Desc=327680 Pinned=2357760. memory to edge layer usage factor is 1
[2026-03-10 19:09:01.514] [8801] [HailoRT] [info] [internal_buffer_manager.cpp:86] [print_execution_results] Default Internal buffer planner executed successfully
[2026-03-10 19:09:01.533] [8801] [HailoRT] [info] [device_internal.cpp:57] [configure] Configuring HEF took 28.530102 milliseconds
[2026-03-10 19:09:01.533] [8801] [HailoRT] [info] [vdevice.cpp:780] [configure] Configuring HEF on VDevice took 28.932897 milliseconds
[2026-03-10 19:09:01.533] [8801] [HailoRT] [info] [infer_model.cpp:417] [configure] Configuring network group 'yolov11n' with params: batch size: 2, power mode: PERFORMANCE, latency: NONE
[2026-03-10 19:09:01.536] [8801] [HailoRT] [info] [multi_io_elements.cpp:754] [create] Created (AsyncHwEl)
[2026-03-10 19:09:01.536] [8801] [HailoRT] [info] [queue_elements.cpp:450] [create] Created (EntryPushQEl0yolov11n/input_layer1 | timeout: 10s)
[2026-03-10 19:09:01.536] [8801] [HailoRT] [info] [filter_elements.cpp:101] [create] Created (PreInferEl8yolov11n/input_layer1 | Reorder - src_order: RGB4, src_shape: (640, 640, 3), dst_order: NHCW, dst_shape: (640, 640, 3))
[2026-03-10 19:09:01.537] [8801] [HailoRT] [info] [queue_elements.cpp:450] [create] Created (PushQEl8yolov11n/input_layer1 | timeout: 10s)
[2026-03-10 19:09:01.537] [8801] [HailoRT] [info] [multi_io_elements.cpp:135] [create] Created (NmsPPMuxEl0YOLOV8-Post-Process | Op YOLOV8, Name: YOLOV8-Post-Process, Score threshold: 0.300, IoU threshold: 0.45, Classes: 80, Max bboxes per class: 100, Image height: 640, Image width: 640)
[2026-03-10 19:09:01.558] [8801] [HailoRT] [info] [queue_elements.cpp:942] [create] Created (MultiPushQEl0YOLOV8-Post-Process | timeout: 10s)
[2026-03-10 19:09:01.558] [8801] [HailoRT] [info] [edge_elements.cpp:187] [create] Created (LastAsyncEl0NmsPPMuxEl0YOLOV8-Post-Process)
[2026-03-10 19:09:01.558] [8801] [HailoRT] [info] [pipeline.cpp:891] [print_deep_description] EntryPushQEl0yolov11n/input_layer1 | inputs: user | outputs: PreInferEl8yolov11n/input_layer1(running in thread_id: 8898)
[2026-03-10 19:09:01.559] [8801] [HailoRT] [info] [pipeline.cpp:891] [print_deep_description] PreInferEl8yolov11n/input_layer1 | inputs: EntryPushQEl0yolov11n/input_layer1[0] | outputs: PushQEl8yolov11n/input_layer1
[2026-03-10 19:09:01.559] [8801] [HailoRT] [info] [pipeline.cpp:891] [print_deep_description] PushQEl8yolov11n/input_layer1 | inputs: PreInferEl8yolov11n/input_layer1[0] | outputs: AsyncHwEl(running in thread_id: 8899)
[2026-03-10 19:09:01.559] [8801] [HailoRT] [info] [pipeline.cpp:891] [print_deep_description] AsyncHwEl | inputs: PushQEl8yolov11n/input_layer1[0] | outputs: MultiPushQEl0YOLOV8-Post-Process MultiPushQEl0YOLOV8-Post-Process MultiPushQEl0YOLOV8-Post-Process MultiPushQEl0YOLOV8-Post-Process MultiPushQEl0YOLOV8-Post-Process MultiPushQEl0YOLOV8-Post-Process
[2026-03-10 19:09:01.559] [8801] [HailoRT] [info] [pipeline.cpp:891] [print_deep_description] MultiPushQEl0YOLOV8-P[2026-03-10 19:08:59.773] [8800] [HailoRT] [info] [device.cpp:51] [Device] OS Version: Linux 6.12.62+rpt-rpi-2712 #1 SMP PREEMPT Debian 1:6.12.62-1+rpt1 (2025-12-18) aarch64
[2026-03-10 19:08:59.773] [8800] [HailoRT] [info] [control.cpp:113] [control__parse_identify_results] firmware_version is: 4.23.0
[2026-03-10 19:08:59.774] [8800] [HailoRT] [info] [control.cpp:113] [control__parse_identify_results] firmware_version is: 4.23.0
ost-Process | inputs: AsyncHwEl[0] AsyncHwEl[1] AsyncHwEl[2] AsyncHwEl[3] AsyncHwEl[4] AsyncHwEl[5] | outputs: NmsPPMuxEl0YOLOV8-Post-Process(running in thread_id: 8900)
[2026-03-10 19:09:01.559] [8801] [HailoRT] [info] [pipeline.cpp:891] [print_deep_description] NmsPPMuxEl0YOLOV8-Post-Process | inputs: MultiPushQEl0YOLOV8-Post-Process[0] | outputs: LastAsyncEl0NmsPPMuxEl0YOLOV8-Post-Process
[2026-03-10 19:09:01.559] [8801] [HailoRT] [info] [pipeline.cpp:891] [print_deep_description] LastAsyncEl0NmsPPMuxEl0YOLOV8-Post-Process | inputs: NmsPPMuxEl0YOLOV8-Post-Process[0] | outputs: user
[2026-03-10 19:09:01.929] [8890] [HailoRT] [info] [hef.cpp:1994] [get_network_group_and_network_name] No name was given. Addressing all networks of default network_group: yolov11n
